MPLINK 4.38, Linker
Linker Map File - Created Fri Jun 10 11:38:15 2011

                                 Section Info
                  Section       Type    Address   Location Size(Bytes)
                ---------  ---------  ---------  ---------  ---------
               _entry_scn       code   0x000000    program   0x000006
           .code___init.o       code   0x000006    program   0x000002
      InterruptVectorHigh       code   0x000008    program   0x000006
                   .cinit    romdata   0x00000e    program   0x00001a
   .code_gestiondutimer.o       code   0x000028    program   0x000ee8
         .code_vfprintf.o       code   0x000f10    program   0x000c22
                     PROG       code   0x001b32    program   0x0005dc
             .code_atof.o       code   0x00210e    program   0x0002d2
                   STDLIB       code   0x0023e0    program   0x00028e
         .code_openxlcd.o       code   0x00266e    program   0x000112
               _cinit_scn       code   0x002780    program   0x00009e
           .code_printf.o       code   0x00281e    program   0x000098
            .code_uopen.o       code   0x0028b6    program   0x00008a
             .code_putc.o       code   0x002940    program   0x000084
             .stringtable    romdata   0x0029c4    program   0x000083
     .romdata_clearxlcd.o    romdata   0x002a47    program   0x000000
      .idata_vfprintf.o_i    romdata   0x002a47    program   0x000000
          .idata_putc.o_i    romdata   0x002a47    program   0x000000
          .romdata_atof.o    romdata   0x002a47    program   0x000000
          .romdata_putc.o    romdata   0x002a47    program   0x000000
       .idata_fxm3232.o_i    romdata   0x002a47    program   0x000000
        .idata___init.o_i    romdata   0x002a47    program   0x000000
       .idata_t1write.o_i    romdata   0x002a47    program   0x000000
     .idata_delayxlcd.o_i    romdata   0x002a47    program   0x000000
      .romdata_writdata.o    romdata   0x002a47    program   0x000000
      .idata_writdata.o_i    romdata   0x002a47    program   0x000000
         .romdata_udefs.o    romdata   0x002a47    program   0x000000
         .romdata_uread.o    romdata   0x002a47    program   0x000000
       .idata_adcread.o_i    romdata   0x002a47    program   0x000000
      .romdata_fxd3232u.o    romdata   0x002a47    program   0x000000
         .idata_c018i.o_i    romdata   0x002a47    program   0x000000
.romdata_gestiondutimer.o    romdata   0x002a47    program   0x000000
       .romdata_adcbusy.o    romdata   0x002a47    program   0x000000
       .idata_adcconv.o_i    romdata   0x002a47    program   0x000000
       .romdata_adcopen.o    romdata   0x002a47    program   0x000000
        .romdata_t1open.o    romdata   0x002a47    program   0x000000
         .idata_uopen.o_i    romdata   0x002a47    program   0x000000
      .romdata_openxlcd.o    romdata   0x002a47    program   0x000000
      .idata_openxlcd.o_i    romdata   0x002a47    program   0x000000
          .code_fxm3232.o       code   0x002a48    program   0x000070
           .code_stdout.o       code   0x002a48    program   0x000000
          .code_adcopen.o       code   0x002ab8    program   0x00006e
                   STRING       code   0x002b26    program   0x000066
         .code_writdata.o       code   0x002b8c    program   0x000056
         .code_wcmdxlcd.o       code   0x002be2    program   0x000056
         .code_fxd3232u.o       code   0x002c38    program   0x000048
           .code_t1open.o       code   0x002c80    program   0x000042
            .code_uread.o       code   0x002cc2    program   0x00003e
          .code_t1write.o       code   0x002d00    program   0x000038
        .code_delayxlcd.o       code   0x002d38    program   0x00002e
                    CTYPE       code   0x002d66    program   0x000024
              D1KTCYXCODE       code   0x002d8a    program   0x000020
                    .code       code   0x002daa    program   0x000020
         .code_gotoxlcd.o       code   0x002dca    program   0x00001e
        .code_clearxlcd.o       code   0x002de8    program   0x00001e
             _startup_scn       code   0x002e06    program   0x00001c
                    STDIO       code   0x002e22    program   0x00001c
             D100TCYXCODE       code   0x002e3e    program   0x00001c
              D10TCYXCODE       code   0x002e5a    program   0x000016
          .code_adcread.o       code   0x002e70    program   0x000012
      .romdata_vfprintf.o    romdata   0x002e82    program   0x000011
       .romdata_fxm3232.o    romdata   0x002e93    program   0x000000
      .idata_fxd3232u.o_i    romdata   0x002e93    program   0x000000
       .idata_adcbusy.o_i    romdata   0x002e93    program   0x000000
         .romdata_c018i.o    romdata   0x002e93    program   0x000000
        .romdata_stdout.o    romdata   0x002e93    program   0x000000
        .romdata_printf.o    romdata   0x002e93    program   0x000000
        .idata_printf.o_i    romdata   0x002e93    program   0x000000
         .idata_uread.o_i    romdata   0x002e93    program   0x000000
         .idata_udefs.o_i    romdata   0x002e93    program   0x000000
        .idata_t1open.o_i    romdata   0x002e93    program   0x000000
     .romdata_delayxlcd.o    romdata   0x002e93    program   0x000000
       .romdata_adcread.o    romdata   0x002e93    program   0x000000
       .romdata_t1write.o    romdata   0x002e93    program   0x000000
       .idata_adcopen.o_i    romdata   0x002e93    program   0x000000
        .romdata___init.o    romdata   0x002e93    program   0x000000
          .idata_atof.o_i    romdata   0x002e93    program   0x000000
       .romdata_adcconv.o    romdata   0x002e93    program   0x000000
         .romdata_uopen.o    romdata   0x002e93    program   0x000000
     .idata_clearxlcd.o_i    romdata   0x002e93    program   0x000000
      .idata_wcmdxlcd.o_i    romdata   0x002e93    program   0x000000
      .romdata_wcmdxlcd.o    romdata   0x002e93    program   0x000000
      .idata_gotoxlcd.o_i    romdata   0x002e93    program   0x000000
      .romdata_gotoxlcd.o    romdata   0x002e93    program   0x000000
            .code_c018i.o       code   0x002e94    program   0x000000
          .code_adcbusy.o       code   0x002e94    program   0x00000a
            .code_udefs.o       code   0x002e94    program   0x000000
          .code_adcconv.o       code   0x002e9e    program   0x000004
        .idata_stdout.o_i    romdata   0x002ea2    program   0x000002
.idata_gestiondutimer.o_i    romdata   0x002ea4    program   0x000049
                MATH_DATA      udata   0x000000       data   0x000014
                 .tmpdata      udata   0x000014       data   0x000010
                DELAYDAT1      udata   0x000024       data   0x000001
  .udata_gestiondutimer.o      udata   0x000080       data   0x000078
          .idata_stdout.o      idata   0x0000f8       data   0x000002
           .udata_udefs.o      udata   0x0000fa       data   0x000001
        .udata_gotoxlcd.o      udata   0x0000fb       data   0x000000
        .idata_wcmdxlcd.o      idata   0x0000fb       data   0x000000
        .udata_wcmdxlcd.o      udata   0x0000fb       data   0x000000
       .idata_clearxlcd.o      idata   0x0000fb       data   0x000000
       .udata_clearxlcd.o      udata   0x0000fb       data   0x000000
            .idata_atof.o      idata   0x0000fb       data   0x000000
            .udata_atof.o      udata   0x0000fb       data   0x000000
          .idata___init.o      idata   0x0000fb       data   0x000000
          .udata___init.o      udata   0x0000fb       data   0x000000
         .idata_t1write.o      idata   0x0000fb       data   0x000000
         .udata_t1write.o      udata   0x0000fb       data   0x000000
        .idata_gotoxlcd.o      idata   0x0000fb       data   0x000000
          .udata_printf.o      udata   0x0000fb       data   0x000000
          .idata_printf.o      idata   0x0000fb       data   0x000000
          .udata_stdout.o      udata   0x0000fb       data   0x000000
        .udata_vfprintf.o      udata   0x0000fb       data   0x000000
        .idata_vfprintf.o      idata   0x0000fb       data   0x000000
        .udata_fxd3232u.o      udata   0x0000fb       data   0x000000
        .idata_fxd3232u.o      idata   0x0000fb       data   0x000000
         .udata_fxm3232.o      udata   0x0000fb       data   0x000000
         .idata_fxm3232.o      idata   0x0000fb       data   0x000000
            .udata_putc.o      udata   0x0000fb       data   0x000000
            .idata_putc.o      idata   0x0000fb       data   0x000000
           .idata_c018i.o      idata   0x0000fb       data   0x000000
         .udata_adcbusy.o      udata   0x0000fb       data   0x000000
         .idata_adcbusy.o      idata   0x0000fb       data   0x000000
         .udata_adcconv.o      udata   0x0000fb       data   0x000000
         .idata_adcconv.o      idata   0x0000fb       data   0x000000
         .udata_adcopen.o      udata   0x0000fb       data   0x000000
         .idata_adcopen.o      idata   0x0000fb       data   0x000000
          .udata_t1open.o      udata   0x0000fb       data   0x000000
          .idata_t1open.o      idata   0x0000fb       data   0x000000
           .udata_uopen.o      udata   0x0000fb       data   0x000000
           .idata_uopen.o      idata   0x0000fb       data   0x000000
        .udata_openxlcd.o      udata   0x0000fb       data   0x000000
        .idata_openxlcd.o      idata   0x0000fb       data   0x000000
         .udata_adcread.o      udata   0x0000fb       data   0x000000
         .idata_adcread.o      idata   0x0000fb       data   0x000000
           .udata_uread.o      udata   0x0000fb       data   0x000000
           .idata_uread.o      idata   0x0000fb       data   0x000000
           .idata_udefs.o      idata   0x0000fb       data   0x000000
        .udata_writdata.o      udata   0x0000fb       data   0x000000
        .idata_writdata.o      idata   0x0000fb       data   0x000000
       .udata_delayxlcd.o      udata   0x0000fb       data   0x000000
       .idata_delayxlcd.o      idata   0x0000fb       data   0x000000
                   .stack      udata   0x000400       data   0x000100
  .idata_gestiondutimer.o      idata   0x000500       data   0x000049
           .udata_c018i.o      udata   0x000549       data   0x00000a
            SFR_UNBANKED0      udata   0x000f80       data   0x000080



                              Program Memory Usage 
                               Start         End      
                           ---------   ---------      
                            0x000000    0x002a46      
                            0x002a48    0x002e92      
                            0x002e94    0x002eec      
            12011 out of 33048 program addresses used, program memory utilization is 36%



                              Symbols - Sorted by Name
                     Name    Address   Location    Storage File                     
                ---------  ---------  ---------  --------- ---------                
                 ADC_call   0x000c1e    program     extern C:\Documents and Settings\Administrateur\Bureau\PSI2\gestiondutimer.c
            AnalyserTrame   0x000d7a    program     extern C:\Documents and Settings\Administrateur\Bureau\PSI2\gestiondutimer.c
                  BusyADC   0x002e94    program     extern C:\Program Files\Microchip\mplabc18\v3.37\src\pmc_common\ADC\adcbusy.c
               ConvertADC   0x002e9e    program     extern C:\Program Files\Microchip\mplabc18\v3.37\src\pmc_common\ADC\adcconv.c
                   D100_1   0x002e4c    program     static C:\Program Files\Microchip\mplabc18\v3.37\src\traditional\delays\d100tcyx.asm
                    D100x   0x002e4a    program     static C:\Program Files\Microchip\mplabc18\v3.37\src\traditional\delays\d100tcyx.asm
                    D10_1   0x002e6a    program     static C:\Program Files\Microchip\mplabc18\v3.37\src\traditional\delays\d10tcyx.asm
                     D10x   0x002e62    program     static C:\Program Files\Microchip\mplabc18\v3.37\src\traditional\delays\d10tcyx.asm
                    D1K_1   0x002d96    program     static C:\Program Files\Microchip\mplabc18\v3.37\src\traditional\delays\d1ktcyx.asm
                     D1Kx   0x002d94    program     static C:\Program Files\Microchip\mplabc18\v3.37\src\traditional\delays\d1ktcyx.asm
             Delay100TCYx   0x002e3e    program     extern C:\Program Files\Microchip\mplabc18\v3.37\src\traditional\delays\d100tcyx.asm
              Delay10TCYx   0x002e5a    program     extern C:\Program Files\Microchip\mplabc18\v3.37\src\traditional\delays\d10tcyx.asm
              Delay1KTCYx   0x002d8a    program     extern C:\Program Files\Microchip\mplabc18\v3.37\src\traditional\delays\d1ktcyx.asm
            DelayFor18TCY   0x002d38    program     extern C:\Documents and Settings\maison\Bureau\sources_xlcdlib200\XLCD\delayxlcd.c
             DelayPORXLCD   0x002d44    program     extern C:\Documents and Settings\maison\Bureau\sources_xlcdlib200\XLCD\delayxlcd.c
                DelayXLCD   0x002d50    program     extern C:\Documents and Settings\maison\Bureau\sources_xlcdlib200\XLCD\delayxlcd.c
                 FLO1632S   0x001b36    program     extern C:\Program Files\Microchip\mplabc18\v3.37\src\traditional\math\cast16FP.asm
                 FLO1632U   0x001b32    program     extern C:\Program Files\Microchip\mplabc18\v3.37\src\traditional\math\cast16FP.asm
                 FLO3232S   0x002082    program     extern C:\Program Files\Microchip\mplabc18\v3.37\src\traditional\math\cast32FP.asm
                 FLO3232U   0x00207e    program     extern C:\Program Files\Microchip\mplabc18\v3.37\src\traditional\math\cast32FP.asm
                    FPA32   0x001b5e    program     extern C:\Program Files\Microchip\mplabc18\v3.37\src\traditional\math\addFP.asm
                    FPD32   0x001c8a    program     extern C:\Program Files\Microchip\mplabc18\v3.37\src\traditional\math\divFP.asm
                    FPM32   0x001d30    program     extern C:\Program Files\Microchip\mplabc18\v3.37\src\traditional\math\mulFP.asm
                    FPS32   0x001b5c    program     extern C:\Program Files\Microchip\mplabc18\v3.37\src\traditional\math\addFP.asm
                 FXD3232U   0x002c38    program     extern C:\Program Files\Microchip\mplabc18\v3.37\src\traditional\math\fxd3232u.c
                 FXM1616S   0x0020b4    program     extern C:\Program Files\Microchip\mplabc18\v3.37\src\traditional\math\fxm1616s.asm
                 FXM1616U   0x001e0a    program     extern C:\Program Files\Microchip\mplabc18\v3.37\src\traditional\math\fxm1616u.asm
                  FXM3232   0x002a48    program     extern C:\Program Files\Microchip\mplabc18\v3.37\src\traditional\math\fxm3232.c
                  INT3216   0x001e46    program     extern C:\Program Files\Microchip\mplabc18\v3.37\src\traditional\math\castFP16.asm
       Init_Interruptions   0x000c3a    program     extern C:\Documents and Settings\Administrateur\Bureau\PSI2\gestiondutimer.c
     InterruptHandlerHigh   0x000c6a    program     extern C:\Documents and Settings\Administrateur\Bureau\PSI2\gestiondutimer.c
      InterruptVectorHigh   0x000008    program     extern C:\Documents and Settings\Administrateur\Bureau\PSI2\gestiondutimer.c
                  OpenADC   0x002ab8    program     extern C:\Program Files\Microchip\mplabc18\v3.37\src\pmc_common\ADC\adcopen.c
               OpenTimer1   0x002c80    program     extern C:\Program Files\Microchip\mplabc18\v3.37\src\pmc_common\Timers\t1open.c
                OpenUSART   0x0028b6    program     extern C:\Program Files\Microchip\mplabc18\v3.37\src\pmc_common\USART\uopen.c
                 OpenXLCD   0x00266e    program     extern C:\Documents and Settings\maison\Bureau\sources_xlcdlib200\XLCD\openxlcd.c
                  PWM2_50   0x0008c4    program     extern C:\Documents and Settings\Administrateur\Bureau\PSI2\gestiondutimer.c
                   PWM_26   0x0009e4    program     extern C:\Documents and Settings\Administrateur\Bureau\PSI2\gestiondutimer.c
                   PWM_50   0x000818    program     extern C:\Documents and Settings\Administrateur\Bureau\PSI2\gestiondutimer.c
                   PWM_74   0x000954    program     extern C:\Documents and Settings\Administrateur\Bureau\PSI2\gestiondutimer.c
                PWM_Digit   0x000afc    program     extern C:\Documents and Settings\Administrateur\Bureau\PSI2\gestiondutimer.c
                    PWM_X   0x000a74    program     extern C:\Documents and Settings\Administrateur\Bureau\PSI2\gestiondutimer.c
                  ReadADC   0x002e70    program     extern C:\Program Files\Microchip\mplabc18\v3.37\src\pmc_common\ADC\adcread.c
                ReadUSART   0x002cc2    program     extern C:\Program Files\Microchip\mplabc18\v3.37\src\pmc_common\USART\uread.c
                   Status   0x000702    program     extern C:\Documents and Settings\Administrateur\Bureau\PSI2\gestiondutimer.c
                  TAGTB32   0x001ea4    program     extern C:\Program Files\Microchip\mplabc18\v3.37\src\traditional\math\gtFP.asm
                  TALTB32   0x001eb6    program     extern C:\Program Files\Microchip\mplabc18\v3.37\src\traditional\math\ltFP.asm
               TSIGN1616A   0x002100    program     static C:\Program Files\Microchip\mplabc18\v3.37\src\traditional\math\fxm1616s.asm
             WriteCmdXLCD   0x002be2    program     extern C:\Documents and Settings\maison\Bureau\sources_xlcdlib200\XLCD\wcmdxlcd.c
            WriteDataXLCD   0x002b8c    program     extern C:\Documents and Settings\maison\Bureau\sources_xlcdlib200\XLCD\writdata.c
              WriteTimer1   0x002d00    program     extern C:\Program Files\Microchip\mplabc18\v3.37\src\pmc_common\Timers\t1write.c
                  _14jEnd   0x0025fa    program     static C:\Program Files\Microchip\mplabc18\v3.37\src\traditional\stdclib\atolfix.asm
                   _2jEnd   0x002b76    program     static C:\Program Files\Microchip\mplabc18\v3.37\src\traditional\stdclib\slenpgm.asm
       _D100TCYXCODE_0008   0x002e46    program     static C:\Program Files\Microchip\mplabc18\v3.37\src\traditional\delays\d100tcyx.asm
       _D100TCYXCODE_0012   0x002e50    program     static C:\Program Files\Microchip\mplabc18\v3.37\src\traditional\delays\d100tcyx.asm
       _D100TCYXCODE_0018   0x002e56    program     static C:\Program Files\Microchip\mplabc18\v3.37\src\traditional\delays\d100tcyx.asm
        _D10TCYXCODE_000A   0x002e64    program     static C:\Program Files\Microchip\mplabc18\v3.37\src\traditional\delays\d10tcyx.asm
        _D10TCYXCODE_000C   0x002e66    program     static C:\Program Files\Microchip\mplabc18\v3.37\src\traditional\delays\d10tcyx.asm
        _D10TCYXCODE_000E   0x002e68    program     static C:\Program Files\Microchip\mplabc18\v3.37\src\traditional\delays\d10tcyx.asm
        _D1KTCYXCODE_0010   0x002d9a    program     static C:\Program Files\Microchip\mplabc18\v3.37\src\traditional\delays\d1ktcyx.asm
        _D1KTCYXCODE_0016   0x002da0    program     static C:\Program Files\Microchip\mplabc18\v3.37\src\traditional\delays\d1ktcyx.asm
              __FpCompare   0x001ec8    program     extern C:\Program Files\Microchip\mplabc18\v3.37\src\traditional\math\compFP.asm
                 __FpExit   0x001f7e    program     extern C:\Program Files\Microchip\mplabc18\v3.37\src\traditional\math\packFP.asm
                 __FpPack   0x001faa    program     extern C:\Program Files\Microchip\mplabc18\v3.37\src\traditional\math\packFP.asm
            __FpReturnNaN   0x001f72    program     extern C:\Program Files\Microchip\mplabc18\v3.37\src\traditional\math\packFP.asm
         __FpReturnNegInf   0x001f84    program     extern C:\Program Files\Microchip\mplabc18\v3.37\src\traditional\math\packFP.asm
        __FpReturnNegZero   0x001f9c    program     extern C:\Program Files\Microchip\mplabc18\v3.37\src\traditional\math\packFP.asm
         __FpReturnPosInf   0x001f8a    program     extern C:\Program Files\Microchip\mplabc18\v3.37\src\traditional\math\packFP.asm
        __FpReturnPosZero   0x001fa4    program     extern C:\Program Files\Microchip\mplabc18\v3.37\src\traditional\math\packFP.asm
        __FpReturnSignInf   0x001f80    program     extern C:\Program Files\Microchip\mplabc18\v3.37\src\traditional\math\packFP.asm
       __FpReturnSignZero   0x001f98    program     extern C:\Program Files\Microchip\mplabc18\v3.37\src\traditional\math\packFP.asm
              __FpReturnW   0x002002    program     extern C:\Program Files\Microchip\mplabc18\v3.37\src\traditional\math\packFP.asm
              __FpUnPackA   0x002022    program     extern C:\Program Files\Microchip\mplabc18\v3.37\src\traditional\math\UnpackFP.asm
              __FpUnPackB   0x002052    program     extern C:\Program Files\Microchip\mplabc18\v3.37\src\traditional\math\UnpackFP.asm
       ___return_lbl00000   0x002c7e    program     static                          
       ___return_lbl00000   0x000004    program     static                          
       ___return_lbl00000   0x002ab6    program     static                          
       ___return_lbl00001   0x002e20    program     static                          
       ___return_lbl00002   0x00281c    program     static                          
       ___return_lbl00032   0x00000c    program     static                          
                   __init   0x000006    program     extern C:\Program Files\Microchip\mplabc18\v3.37\src\traditional\stdclib\__init.c
              __lcd_write   0x00270e    program     static C:\Documents and Settings\maison\Bureau\sources_xlcdlib200\XLCD\openxlcd.c
                   __pa_0   0x002318    program     static C:\Program Files\Microchip\mplabc18\v3.37\src\traditional\stdclib\atof.c
                   __pa_0   0x001850    program     static C:\Program Files\Microchip\mplabc18\v3.37\src\traditional\stdclib\vfprintf.c
                   __pa_1   0x001858    program     static C:\Program Files\Microchip\mplabc18\v3.37\src\traditional\stdclib\vfprintf.c
                   __pa_1   0x002348    program     static C:\Program Files\Microchip\mplabc18\v3.37\src\traditional\stdclib\atof.c
                  __pa_10   0x00190c    program     static C:\Program Files\Microchip\mplabc18\v3.37\src\traditional\stdclib\vfprintf.c
                  __pa_11   0x00191a    program     static C:\Program Files\Microchip\mplabc18\v3.37\src\traditional\stdclib\vfprintf.c
                  __pa_12   0x001930    program     static C:\Program Files\Microchip\mplabc18\v3.37\src\traditional\stdclib\vfprintf.c
                  __pa_13   0x00194a    program     static C:\Program Files\Microchip\mplabc18\v3.37\src\traditional\stdclib\vfprintf.c
                  __pa_14   0x001962    program     static C:\Program Files\Microchip\mplabc18\v3.37\src\traditional\stdclib\vfprintf.c
                  __pa_15   0x001972    program     static C:\Program Files\Microchip\mplabc18\v3.37\src\traditional\stdclib\vfprintf.c
                  __pa_16   0x001988    program     static C:\Program Files\Microchip\mplabc18\v3.37\src\traditional\stdclib\vfprintf.c
                  __pa_17   0x00199a    program     static C:\Program Files\Microchip\mplabc18\v3.37\src\traditional\stdclib\vfprintf.c
                  __pa_18   0x0019ac    program     static C:\Program Files\Microchip\mplabc18\v3.37\src\traditional\stdclib\vfprintf.c
                  __pa_19   0x0019b6    program     static C:\Program Files\Microchip\mplabc18\v3.37\src\traditional\stdclib\vfprintf.c
                   __pa_2   0x002362    program     static C:\Program Files\Microchip\mplabc18\v3.37\src\traditional\stdclib\atof.c
                   __pa_2   0x001862    program     static C:\Program Files\Microchip\mplabc18\v3.37\src\traditional\stdclib\vfprintf.c
                  __pa_20   0x0019c6    program     static C:\Program Files\Microchip\mplabc18\v3.37\src\traditional\stdclib\vfprintf.c
                  __pa_21   0x0019d6    program     static C:\Program Files\Microchip\mplabc18\v3.37\src\traditional\stdclib\vfprintf.c
                  __pa_22   0x0019e6    program     static C:\Program Files\Microchip\mplabc18\v3.37\src\traditional\stdclib\vfprintf.c
                  __pa_23   0x0019f2    program     static C:\Program Files\Microchip\mplabc18\v3.37\src\traditional\stdclib\vfprintf.c
                  __pa_24   0x001a00    program     static C:\Program Files\Microchip\mplabc18\v3.37\src\traditional\stdclib\vfprintf.c
                  __pa_25   0x001a08    program     static C:\Program Files\Microchip\mplabc18\v3.37\src\traditional\stdclib\vfprintf.c
                  __pa_26   0x001a12    program     static C:\Program Files\Microchip\mplabc18\v3.37\src\traditional\stdclib\vfprintf.c
                  __pa_27   0x001a1c    program     static C:\Program Files\Microchip\mplabc18\v3.37\src\traditional\stdclib\vfprintf.c
                  __pa_28   0x001a24    program     static C:\Program Files\Microchip\mplabc18\v3.37\src\traditional\stdclib\vfprintf.c
                  __pa_29   0x001a32    program     static C:\Program Files\Microchip\mplabc18\v3.37\src\traditional\stdclib\vfprintf.c
                   __pa_3   0x00186c    program     static C:\Program Files\Microchip\mplabc18\v3.37\src\traditional\stdclib\vfprintf.c
                   __pa_3   0x002394    program     static C:\Program Files\Microchip\mplabc18\v3.37\src\traditional\stdclib\atof.c
                  __pa_30   0x001a4e    program     static C:\Program Files\Microchip\mplabc18\v3.37\src\traditional\stdclib\vfprintf.c
                  __pa_31   0x001a68    program     static C:\Program Files\Microchip\mplabc18\v3.37\src\traditional\stdclib\vfprintf.c
                  __pa_32   0x001a82    program     static C:\Program Files\Microchip\mplabc18\v3.37\src\traditional\stdclib\vfprintf.c
                  __pa_33   0x001a9a    program     static C:\Program Files\Microchip\mplabc18\v3.37\src\traditional\stdclib\vfprintf.c
                  __pa_34   0x001aa4    program     static C:\Program Files\Microchip\mplabc18\v3.37\src\traditional\stdclib\vfprintf.c
                  __pa_35   0x001ab2    program     static C:\Program Files\Microchip\mplabc18\v3.37\src\traditional\stdclib\vfprintf.c
                  __pa_36   0x001aba    program     static C:\Program Files\Microchip\mplabc18\v3.37\src\traditional\stdclib\vfprintf.c
                  __pa_37   0x001ac4    program     static C:\Program Files\Microchip\mplabc18\v3.37\src\traditional\stdclib\vfprintf.c
                  __pa_38   0x001ad4    program     static C:\Program Files\Microchip\mplabc18\v3.37\src\traditional\stdclib\vfprintf.c
                  __pa_39   0x001ae2    program     static C:\Program Files\Microchip\mplabc18\v3.37\src\traditional\stdclib\vfprintf.c
                   __pa_4   0x0023a8    program     static C:\Program Files\Microchip\mplabc18\v3.37\src\traditional\stdclib\atof.c
                   __pa_4   0x001884    program     static C:\Program Files\Microchip\mplabc18\v3.37\src\traditional\stdclib\vfprintf.c
                  __pa_40   0x001aee    program     static C:\Program Files\Microchip\mplabc18\v3.37\src\traditional\stdclib\vfprintf.c
                  __pa_41   0x001afa    program     static C:\Program Files\Microchip\mplabc18\v3.37\src\traditional\stdclib\vfprintf.c
                  __pa_42   0x001b02    program     static C:\Program Files\Microchip\mplabc18\v3.37\src\traditional\stdclib\vfprintf.c
                  __pa_43   0x001b0c    program     static C:\Program Files\Microchip\mplabc18\v3.37\src\traditional\stdclib\vfprintf.c
                  __pa_44   0x001b12    program     static C:\Program Files\Microchip\mplabc18\v3.37\src\traditional\stdclib\vfprintf.c
                  __pa_45   0x001b1c    program     static C:\Program Files\Microchip\mplabc18\v3.37\src\traditional\stdclib\vfprintf.c
                  __pa_46   0x001b28    program     static C:\Program Files\Microchip\mplabc18\v3.37\src\traditional\stdclib\vfprintf.c
                   __pa_5   0x001898    program     static C:\Program Files\Microchip\mplabc18\v3.37\src\traditional\stdclib\vfprintf.c
                   __pa_5   0x0023c2    program     static C:\Program Files\Microchip\mplabc18\v3.37\src\traditional\stdclib\atof.c
                   __pa_6   0x0018b4    program     static C:\Program Files\Microchip\mplabc18\v3.37\src\traditional\stdclib\vfprintf.c
                   __pa_6   0x0023d8    program     static C:\Program Files\Microchip\mplabc18\v3.37\src\traditional\stdclib\atof.c
                   __pa_7   0x0018be    program     static C:\Program Files\Microchip\mplabc18\v3.37\src\traditional\stdclib\vfprintf.c
                   __pa_8   0x0018ca    program     static C:\Program Files\Microchip\mplabc18\v3.37\src\traditional\stdclib\vfprintf.c
                   __pa_9   0x0018ec    program     static C:\Program Files\Microchip\mplabc18\v3.37\src\traditional\stdclib\vfprintf.c
               __string_0   0x002a40    program     static C:\Documents and Settings\Administrateur\Bureau\PSI2\gestiondutimer.c
               __string_1   0x002a3c    program     static C:\Documents and Settings\Administrateur\Bureau\PSI2\gestiondutimer.c
              __string_10   0x0029cc    program     static C:\Documents and Settings\Administrateur\Bureau\PSI2\gestiondutimer.c
              __string_11   0x0029c4    program     static C:\Documents and Settings\Administrateur\Bureau\PSI2\gestiondutimer.c
               __string_2   0x002a38    program     static C:\Documents and Settings\Administrateur\Bureau\PSI2\gestiondutimer.c
               __string_3   0x002a29    program     static C:\Documents and Settings\Administrateur\Bureau\PSI2\gestiondutimer.c
               __string_4   0x002a1a    program     static C:\Documents and Settings\Administrateur\Bureau\PSI2\gestiondutimer.c
               __string_5   0x002a13    program     static C:\Documents and Settings\Administrateur\Bureau\PSI2\gestiondutimer.c
               __string_6   0x002a04    program     static C:\Documents and Settings\Administrateur\Bureau\PSI2\gestiondutimer.c
               __string_7   0x0029f3    program     static C:\Documents and Settings\Administrateur\Bureau\PSI2\gestiondutimer.c
               __string_8   0x0029e3    program     static C:\Documents and Settings\Administrateur\Bureau\PSI2\gestiondutimer.c
               __string_9   0x0029d3    program     static C:\Documents and Settings\Administrateur\Bureau\PSI2\gestiondutimer.c
              __tmplbl_42   0x0019e6    program     static                          
              __tmplbl_43   0x00182e    program     static                          
              __tmplbl_44   0x001814    program     static                          
              __tmplbl_85   0x000f66    program     static                          
            __zero_memory   0x002daa    program     extern C:\Program Files\Microchip\mplabc18\v3.37\src\traditional\proc\p18F4520.asm
                _do_cinit   0x002780    program     extern C:\Program Files\Microchip\mplabc18\v3.37\src\traditional\startup\c018i.c
                   _entry   0x000000    program     extern C:\Program Files\Microchip\mplabc18\v3.37\src\traditional\startup\c018i.c
                   _false   0x002c7a    program     static                          
                 _startup   0x002e06    program     extern C:\Program Files\Microchip\mplabc18\v3.37\src\traditional\startup\c018i.c
              _usart_putc   0x002e22    program     extern C:\Program Files\Microchip\mplabc18\v3.37\src\pmc_common\USART\_usartpc.asm
               _user_putc   0x002750    program     extern C:\Documents and Settings\maison\Bureau\sources_xlcdlib200\XLCD\openxlcd.c
                     atof   0x00210e    program     extern C:\Program Files\Microchip\mplabc18\v3.37\src\traditional\stdclib\atof.c
                     atoi   0x0023e0    program     extern C:\Program Files\Microchip\mplabc18\v3.37\src\traditional\stdclib\atoi.asm
                  atolfix   0x0024ca    program     extern C:\Program Files\Microchip\mplabc18\v3.37\src\traditional\stdclib\atolfix.asm
               attente_ms   0x0006b6    program     extern C:\Documents and Settings\Administrateur\Bureau\PSI2\gestiondutimer.c
                clearXLCD   0x002de8    program     extern C:\Documents and Settings\maison\Bureau\sources_xlcdlib200\XLCD\clearxlcd.c
                compare_l   0x002dc0    program     static C:\Program Files\Microchip\mplabc18\v3.37\src\traditional\proc\p18F4520.asm
                copy_loop   0x0027f2    program     static                          
            copy_one_byte   0x0027f8    program     static                          
                     done   0x00281c    program     static                          
             done_copying   0x002806    program     static                          
                 gotoXLCD   0x002dca    program     extern C:\Documents and Settings\maison\Bureau\sources_xlcdlib200\XLCD\gotoxlcd.c
                  isdigit   0x002d66    program     extern C:\Program Files\Microchip\mplabc18\v3.37\src\traditional\stdclib\isdigit.asm
                 jANotInf   0x001d4e    program     static C:\Program Files\Microchip\mplabc18\v3.37\src\traditional\math\mulFP.asm
                 jANotInf   0x001ca8    program     static C:\Program Files\Microchip\mplabc18\v3.37\src\traditional\math\divFP.asm
                 jANotInf   0x001b86    program     static C:\Program Files\Microchip\mplabc18\v3.37\src\traditional\math\addFP.asm
                 jANotNeg   0x001c1a    program     static C:\Program Files\Microchip\mplabc18\v3.37\src\traditional\math\addFP.asm
                jANotZero   0x001cbc    program     static C:\Program Files\Microchip\mplabc18\v3.37\src\traditional\math\divFP.asm
              jAandWsetup   0x001bea    program     static C:\Program Files\Microchip\mplabc18\v3.37\src\traditional\math\addFP.asm
                  jAisNeg   0x001f44    program     static C:\Program Files\Microchip\mplabc18\v3.37\src\traditional\math\compFP.asm
                 jAltBexp   0x001bd8    program     static C:\Program Files\Microchip\mplabc18\v3.37\src\traditional\math\addFP.asm
                jBANotInf   0x001b7c    program     static C:\Program Files\Microchip\mplabc18\v3.37\src\traditional\math\addFP.asm
                 jBNotInf   0x001b94    program     static C:\Program Files\Microchip\mplabc18\v3.37\src\traditional\math\addFP.asm
              jBothFinite   0x001d5c    program     static C:\Program Files\Microchip\mplabc18\v3.37\src\traditional\math\mulFP.asm
             jBothNotZero   0x001d68    program     static C:\Program Files\Microchip\mplabc18\v3.37\src\traditional\math\mulFP.asm
             jBothNotZero   0x001ee6    program     static C:\Program Files\Microchip\mplabc18\v3.37\src\traditional\math\compFP.asm
            jDifOrPosSign   0x001ba8    program     static C:\Program Files\Microchip\mplabc18\v3.37\src\traditional\math\addFP.asm
                      jEQ   0x001f02    program     static C:\Program Files\Microchip\mplabc18\v3.37\src\traditional\math\compFP.asm
                     jEnd   0x00249e    program     static C:\Program Files\Microchip\mplabc18\v3.37\src\traditional\stdclib\atoi.asm
                     jEnd   0x002b40    program     static C:\Program Files\Microchip\mplabc18\v3.37\src\traditional\stdclib\strlen.asm
                     jEnd   0x0025fa    program     static C:\Program Files\Microchip\mplabc18\v3.37\src\traditional\stdclib\atolfix.asm
                     jEnd   0x002b78    program     static C:\Program Files\Microchip\mplabc18\v3.37\src\traditional\stdclib\slenpgm.asm
                 jEndLoop   0x0025ce    program     static C:\Program Files\Microchip\mplabc18\v3.37\src\traditional\stdclib\atolfix.asm
                 jEndLoop   0x002486    program     static C:\Program Files\Microchip\mplabc18\v3.37\src\traditional\stdclib\atoi.asm
                    jExch   0x001f0e    program     static C:\Program Files\Microchip\mplabc18\v3.37\src\traditional\math\compFP.asm
                    jExit   0x001ea2    program     static C:\Program Files\Microchip\mplabc18\v3.37\src\traditional\math\castFP16.asm
                   jExpEQ   0x001f54    program     static C:\Program Files\Microchip\mplabc18\v3.37\src\traditional\math\compFP.asm
                   jFinal   0x001f38    program     static C:\Program Files\Microchip\mplabc18\v3.37\src\traditional\math\compFP.asm
               jFinalSign   0x001c82    program     static C:\Program Files\Microchip\mplabc18\v3.37\src\traditional\math\addFP.asm
                jHaveZero   0x001d64    program     static C:\Program Files\Microchip\mplabc18\v3.37\src\traditional\math\mulFP.asm
                jI2F16Beg   0x001b46    program     static C:\Program Files\Microchip\mplabc18\v3.37\src\traditional\math\cast16FP.asm
                jI2F32Beg   0x00209a    program     static C:\Program Files\Microchip\mplabc18\v3.37\src\traditional\math\cast32FP.asm
                    jLoop   0x001ce4    program     static C:\Program Files\Microchip\mplabc18\v3.37\src\traditional\math\divFP.asm
                    jLoop   0x002b60    program     static C:\Program Files\Microchip\mplabc18\v3.37\src\traditional\stdclib\slenpgm.asm
                    jLoop   0x002b36    program     static C:\Program Files\Microchip\mplabc18\v3.37\src\traditional\stdclib\strlen.asm
                    jLoop   0x001e82    program     static C:\Program Files\Microchip\mplabc18\v3.37\src\traditional\math\castFP16.asm
                    jLoop   0x002438    program     static C:\Program Files\Microchip\mplabc18\v3.37\src\traditional\stdclib\atoi.asm
                    jLoop   0x002528    program     static C:\Program Files\Microchip\mplabc18\v3.37\src\traditional\stdclib\atolfix.asm
                   jLoop1   0x002536    program     static C:\Program Files\Microchip\mplabc18\v3.37\src\traditional\stdclib\atolfix.asm
                jLoopExit   0x001e92    program     static C:\Program Files\Microchip\mplabc18\v3.37\src\traditional\math\castFP16.asm
                   jMatch   0x002d86    program     static C:\Program Files\Microchip\mplabc18\v3.37\src\traditional\stdclib\isdigit.asm
                     jMax   0x001e56    program     static C:\Program Files\Microchip\mplabc18\v3.37\src\traditional\math\castFP16.asm
                  jMaxNeg   0x001e64    program     static C:\Program Files\Microchip\mplabc18\v3.37\src\traditional\math\castFP16.asm
                  jMaxPos   0x001e5a    program     static C:\Program Files\Microchip\mplabc18\v3.37\src\traditional\math\castFP16.asm
                      jNE   0x001f06    program     static C:\Program Files\Microchip\mplabc18\v3.37\src\traditional\math\compFP.asm
                    jNext   0x001d0a    program     static C:\Program Files\Microchip\mplabc18\v3.37\src\traditional\math\divFP.asm
                jNoAdjust   0x001d08    program     static C:\Program Files\Microchip\mplabc18\v3.37\src\traditional\math\divFP.asm
                  jNoExch   0x001f2e    program     static C:\Program Files\Microchip\mplabc18\v3.37\src\traditional\math\compFP.asm
                 jNoMatch   0x002d88    program     static C:\Program Files\Microchip\mplabc18\v3.37\src\traditional\stdclib\isdigit.asm
             jNotBothZero   0x001bac    program     static C:\Program Files\Microchip\mplabc18\v3.37\src\traditional\math\addFP.asm
                  jNotInf   0x001e72    program     static C:\Program Files\Microchip\mplabc18\v3.37\src\traditional\math\castFP16.asm
                  jPkLoop   0x001fb8    program     static C:\Program Files\Microchip\mplabc18\v3.37\src\traditional\math\packFP.asm
             jPkRoundDone   0x002002    program     static C:\Program Files\Microchip\mplabc18\v3.37\src\traditional\math\packFP.asm
               jPkRoundIt   0x001fea    program     static C:\Program Files\Microchip\mplabc18\v3.37\src\traditional\math\packFP.asm
             jPkShiftDone   0x001fd4    program     static C:\Program Files\Microchip\mplabc18\v3.37\src\traditional\math\packFP.asm
           jReturnPosInf0   0x001f8e    program     static C:\Program Files\Microchip\mplabc18\v3.37\src\traditional\math\packFP.asm
                  jRotate   0x001f60    program     static C:\Program Files\Microchip\mplabc18\v3.37\src\traditional\math\compFP.asm
                   jShift   0x001f4a    program     static C:\Program Files\Microchip\mplabc18\v3.37\src\traditional\math\compFP.asm
               jShiftDone   0x001c42    program     static C:\Program Files\Microchip\mplabc18\v3.37\src\traditional\math\addFP.asm
               jShiftLoop   0x001c34    program     static C:\Program Files\Microchip\mplabc18\v3.37\src\traditional\math\addFP.asm
                jSignDone   0x001c72    program     static C:\Program Files\Microchip\mplabc18\v3.37\src\traditional\math\addFP.asm
              jSignedZero   0x001cb2    program     static C:\Program Files\Microchip\mplabc18\v3.37\src\traditional\math\divFP.asm
                 jSignsEQ   0x001eea    program     static C:\Program Files\Microchip\mplabc18\v3.37\src\traditional\math\compFP.asm
                  jSkipWS   0x0024f2    program     static C:\Program Files\Microchip\mplabc18\v3.37\src\traditional\stdclib\atolfix.asm
                  jSkipWS   0x00240e    program     static C:\Program Files\Microchip\mplabc18\v3.37\src\traditional\stdclib\atoi.asm
                 jSkipWS1   0x002420    program     static C:\Program Files\Microchip\mplabc18\v3.37\src\traditional\stdclib\atoi.asm
                 jSkipWS1   0x002504    program     static C:\Program Files\Microchip\mplabc18\v3.37\src\traditional\stdclib\atolfix.asm
                 jTstSign   0x002424    program     static C:\Program Files\Microchip\mplabc18\v3.37\src\traditional\stdclib\atoi.asm
                 jTstSign   0x002508    program     static C:\Program Files\Microchip\mplabc18\v3.37\src\traditional\stdclib\atolfix.asm
                jTstSign1   0x002430    program     static C:\Program Files\Microchip\mplabc18\v3.37\src\traditional\stdclib\atoi.asm
                jTstSign1   0x002514    program     static C:\Program Files\Microchip\mplabc18\v3.37\src\traditional\stdclib\atolfix.asm
                jTstSign2   0x002436    program     static C:\Program Files\Microchip\mplabc18\v3.37\src\traditional\stdclib\atoi.asm
                jTstSign2   0x00251a    program     static C:\Program Files\Microchip\mplabc18\v3.37\src\traditional\stdclib\atolfix.asm
                jTstSign3   0x002438    program     static C:\Program Files\Microchip\mplabc18\v3.37\src\traditional\stdclib\atoi.asm
                jTstSign3   0x00251c    program     static C:\Program Files\Microchip\mplabc18\v3.37\src\traditional\stdclib\atolfix.asm
                  jUnpkA1   0x00202c    program     static C:\Program Files\Microchip\mplabc18\v3.37\src\traditional\math\UnpackFP.asm
                  jUnpkA2   0x002044    program     static C:\Program Files\Microchip\mplabc18\v3.37\src\traditional\math\UnpackFP.asm
                 jUnpkANZ   0x00203a    program     static C:\Program Files\Microchip\mplabc18\v3.37\src\traditional\math\UnpackFP.asm
                  jUnpkB1   0x00205c    program     static C:\Program Files\Microchip\mplabc18\v3.37\src\traditional\math\UnpackFP.asm
                  jUnpkB2   0x002074    program     static C:\Program Files\Microchip\mplabc18\v3.37\src\traditional\math\UnpackFP.asm
                 jUnpkBNZ   0x00206a    program     static C:\Program Files\Microchip\mplabc18\v3.37\src\traditional\math\UnpackFP.asm
                 jUnpkNaN   0x00204e    program     static C:\Program Files\Microchip\mplabc18\v3.37\src\traditional\math\UnpackFP.asm
                 jWNotNeg   0x001c2e    program     static C:\Program Files\Microchip\mplabc18\v3.37\src\traditional\math\addFP.asm
                    jZero   0x001e6c    program     static C:\Program Files\Microchip\mplabc18\v3.37\src\traditional\math\castFP16.asm
               jZero1and2   0x001f92    program     static C:\Program Files\Microchip\mplabc18\v3.37\src\traditional\math\packFP.asm
                     loop   0x002e16    program     static                          
                     loop   0x002e32    program     static C:\Program Files\Microchip\mplabc18\v3.37\src\pmc_common\USART\_usartpc.asm
                     loop   0x002c46    program     static                          
                   loop_h   0x002db8    program     static C:\Program Files\Microchip\mplabc18\v3.37\src\traditional\proc\p18F4520.asm
                   loop_l   0x002dc2    program     static C:\Program Files\Microchip\mplabc18\v3.37\src\traditional\proc\p18F4520.asm
                     main   0x000028    program     extern C:\Documents and Settings\Administrateur\Bureau\PSI2\gestiondutimer.c
                   printf   0x00281e    program     extern C:\Program Files\Microchip\mplabc18\v3.37\src\traditional\stdclib\printf.c
                     putc   0x002940    program     extern C:\Program Files\Microchip\mplabc18\v3.37\src\traditional\stdclib\putc.c
                 s_digits   0x002e82    program     static C:\Program Files\Microchip\mplabc18\v3.37\src\traditional\stdclib\vfprintf.c
            s_put_n_chars   0x000f10    program     static C:\Program Files\Microchip\mplabc18\v3.37\src\traditional\stdclib\vfprintf.c
                   strlen   0x002b26    program     extern C:\Program Files\Microchip\mplabc18\v3.37\src\traditional\stdclib\strlen.asm
                strlenpgm   0x002b42    program     extern C:\Program Files\Microchip\mplabc18\v3.37\src\traditional\stdclib\slenpgm.asm
                     test   0x00279a    program     static                          
                 vfprintf   0x000f3c    program     extern C:\Program Files\Microchip\mplabc18\v3.37\src\traditional\stdclib\vfprintf.c
               zero_block   0x002db8    program     static C:\Program Files\Microchip\mplabc18\v3.37\src\traditional\proc\p18F4520.asm
                   ADCON0   0x000fc2       data     extern C:\Program Files\Microchip\mplabc18\v3.37\src\traditional\proc\p18F4520.asm
               ADCON0bits   0x000fc2       data     extern C:\Program Files\Microchip\mplabc18\v3.37\src\traditional\proc\p18F4520.asm
                   ADCON1   0x000fc1       data     extern C:\Program Files\Microchip\mplabc18\v3.37\src\traditional\proc\p18F4520.asm
               ADCON1bits   0x000fc1       data     extern C:\Program Files\Microchip\mplabc18\v3.37\src\traditional\proc\p18F4520.asm
                   ADCON2   0x000fc0       data     extern C:\Program Files\Microchip\mplabc18\v3.37\src\traditional\proc\p18F4520.asm
               ADCON2bits   0x000fc0       data     extern C:\Program Files\Microchip\mplabc18\v3.37\src\traditional\proc\p18F4520.asm
                    ADRES   0x000fc3       data     extern C:\Program Files\Microchip\mplabc18\v3.37\src\traditional\proc\p18F4520.asm
                   ADRESH   0x000fc4       data     extern C:\Program Files\Microchip\mplabc18\v3.37\src\traditional\proc\p18F4520.asm
                   ADRESL   0x000fc3       data     extern C:\Program Files\Microchip\mplabc18\v3.37\src\traditional\proc\p18F4520.asm
                  BAUDCON   0x000fb8       data     extern C:\Program Files\Microchip\mplabc18\v3.37\src\traditional\proc\p18F4520.asm
              BAUDCONbits   0x000fb8       data     extern C:\Program Files\Microchip\mplabc18\v3.37\src\traditional\proc\p18F4520.asm
                  BAUDCTL   0x000fb8       data     extern C:\Program Files\Microchip\mplabc18\v3.37\src\traditional\proc\p18F4520.asm
              BAUDCTLbits   0x000fb8       data     extern C:\Program Files\Microchip\mplabc18\v3.37\src\traditional\proc\p18F4520.asm
                      BSR   0x000fe0       data     extern C:\Program Files\Microchip\mplabc18\v3.37\src\traditional\proc\p18F4520.asm
                  CCP1CON   0x000fbd       data     extern C:\Program Files\Microchip\mplabc18\v3.37\src\traditional\proc\p18F4520.asm
              CCP1CONbits   0x000fbd       data     extern C:\Program Files\Microchip\mplabc18\v3.37\src\traditional\proc\p18F4520.asm
                  CCP2CON   0x000fba       data     extern C:\Program Files\Microchip\mplabc18\v3.37\src\traditional\proc\p18F4520.asm
              CCP2CONbits   0x000fba       data     extern C:\Program Files\Microchip\mplabc18\v3.37\src\traditional\proc\p18F4520.asm
                    CCPR1   0x000fbe       data     extern C:\Program Files\Microchip\mplabc18\v3.37\src\traditional\proc\p18F4520.asm
                   CCPR1H   0x000fbf       data     extern C:\Program Files\Microchip\mplabc18\v3.37\src\traditional\proc\p18F4520.asm
                   CCPR1L   0x000fbe       data     extern C:\Program Files\Microchip\mplabc18\v3.37\src\traditional\proc\p18F4520.asm
                    CCPR2   0x000fbb       data     extern C:\Program Files\Microchip\mplabc18\v3.37\src\traditional\proc\p18F4520.asm
                   CCPR2H   0x000fbc       data     extern C:\Program Files\Microchip\mplabc18\v3.37\src\traditional\proc\p18F4520.asm
                   CCPR2L   0x000fbb       data     extern C:\Program Files\Microchip\mplabc18\v3.37\src\traditional\proc\p18F4520.asm
                    CMCON   0x000fb4       data     extern C:\Program Files\Microchip\mplabc18\v3.37\src\traditional\proc\p18F4520.asm
                CMCONbits   0x000fb4       data     extern C:\Program Files\Microchip\mplabc18\v3.37\src\traditional\proc\p18F4520.asm
                   CVRCON   0x000fb5       data     extern C:\Program Files\Microchip\mplabc18\v3.37\src\traditional\proc\p18F4520.asm
               CVRCONbits   0x000fb5       data     extern C:\Program Files\Microchip\mplabc18\v3.37\src\traditional\proc\p18F4520.asm
                     DDRA   0x000f92       data     extern C:\Program Files\Microchip\mplabc18\v3.37\src\traditional\proc\p18F4520.asm
                 DDRAbits   0x000f92       data     extern C:\Program Files\Microchip\mplabc18\v3.37\src\traditional\proc\p18F4520.asm
                     DDRB   0x000f93       data     extern C:\Program Files\Microchip\mplabc18\v3.37\src\traditional\proc\p18F4520.asm
                 DDRBbits   0x000f93       data     extern C:\Program Files\Microchip\mplabc18\v3.37\src\traditional\proc\p18F4520.asm
                     DDRC   0x000f94       data     extern C:\Program Files\Microchip\mplabc18\v3.37\src\traditional\proc\p18F4520.asm
                 DDRCbits   0x000f94       data     extern C:\Program Files\Microchip\mplabc18\v3.37\src\traditional\proc\p18F4520.asm
                     DDRD   0x000f95       data     extern C:\Program Files\Microchip\mplabc18\v3.37\src\traditional\proc\p18F4520.asm
                 DDRDbits   0x000f95       data     extern C:\Program Files\Microchip\mplabc18\v3.37\src\traditional\proc\p18F4520.asm
                     DDRE   0x000f96       data     extern C:\Program Files\Microchip\mplabc18\v3.37\src\traditional\proc\p18F4520.asm
                 DDREbits   0x000f96       data     extern C:\Program Files\Microchip\mplabc18\v3.37\src\traditional\proc\p18F4520.asm
            DelayCounter1   0x000024       data     extern C:\Program Files\Microchip\mplabc18\v3.37\src\traditional\delays\delayd1.asm
                  ECCP1AS   0x000fb6       data     extern C:\Program Files\Microchip\mplabc18\v3.37\src\traditional\proc\p18F4520.asm
              ECCP1ASbits   0x000fb6       data     extern C:\Program Files\Microchip\mplabc18\v3.37\src\traditional\proc\p18F4520.asm
                 ECCP1DEL   0x000fb7       data     extern C:\Program Files\Microchip\mplabc18\v3.37\src\traditional\proc\p18F4520.asm
             ECCP1DELbits   0x000fb7       data     extern C:\Program Files\Microchip\mplabc18\v3.37\src\traditional\proc\p18F4520.asm
                   ECCPAS   0x000fb6       data     extern C:\Program Files\Microchip\mplabc18\v3.37\src\traditional\proc\p18F4520.asm
               ECCPASbits   0x000fb6       data     extern C:\Program Files\Microchip\mplabc18\v3.37\src\traditional\proc\p18F4520.asm
                    EEADR   0x000fa9       data     extern C:\Program Files\Microchip\mplabc18\v3.37\src\traditional\proc\p18F4520.asm
                   EECON1   0x000fa6       data     extern C:\Program Files\Microchip\mplabc18\v3.37\src\traditional\proc\p18F4520.asm
               EECON1bits   0x000fa6       data     extern C:\Program Files\Microchip\mplabc18\v3.37\src\traditional\proc\p18F4520.asm
                   EECON2   0x000fa7       data     extern C:\Program Files\Microchip\mplabc18\v3.37\src\traditional\proc\p18F4520.asm
                   EEDATA   0x000fa8       data     extern C:\Program Files\Microchip\mplabc18\v3.37\src\traditional\proc\p18F4520.asm
                     Etat   0x000503       data     extern C:\Documents and Settings\Administrateur\Bureau\PSI2\gestiondutimer.c
                     FSR0   0x000fe9       data     extern C:\Program Files\Microchip\mplabc18\v3.37\src\traditional\proc\p18F4520.asm
                    FSR0H   0x000fea       data     extern C:\Program Files\Microchip\mplabc18\v3.37\src\traditional\proc\p18F4520.asm
                    FSR0L   0x000fe9       data     extern C:\Program Files\Microchip\mplabc18\v3.37\src\traditional\proc\p18F4520.asm
                     FSR1   0x000fe1       data     extern C:\Program Files\Microchip\mplabc18\v3.37\src\traditional\proc\p18F4520.asm
                    FSR1H   0x000fe2       data     extern C:\Program Files\Microchip\mplabc18\v3.37\src\traditional\proc\p18F4520.asm
                    FSR1L   0x000fe1       data     extern C:\Program Files\Microchip\mplabc18\v3.37\src\traditional\proc\p18F4520.asm
                     FSR2   0x000fd9       data     extern C:\Program Files\Microchip\mplabc18\v3.37\src\traditional\proc\p18F4520.asm
                    FSR2H   0x000fda       data     extern C:\Program Files\Microchip\mplabc18\v3.37\src\traditional\proc\p18F4520.asm
                    FSR2L   0x000fd9       data     extern C:\Program Files\Microchip\mplabc18\v3.37\src\traditional\proc\p18F4520.asm
                  HLVDCON   0x000fd2       data     extern C:\Program Files\Microchip\mplabc18\v3.37\src\traditional\proc\p18F4520.asm
              HLVDCONbits   0x000fd2       data     extern C:\Program Files\Microchip\mplabc18\v3.37\src\traditional\proc\p18F4520.asm
                    INDF0   0x000fef       data     extern C:\Program Files\Microchip\mplabc18\v3.37\src\traditional\proc\p18F4520.asm
                    INDF1   0x000fe7       data     extern C:\Program Files\Microchip\mplabc18\v3.37\src\traditional\proc\p18F4520.asm
                    INDF2   0x000fdf       data     extern C:\Program Files\Microchip\mplabc18\v3.37\src\traditional\proc\p18F4520.asm
                   INTCON   0x000ff2       data     extern C:\Program Files\Microchip\mplabc18\v3.37\src\traditional\proc\p18F4520.asm
                  INTCON2   0x000ff1       data     extern C:\Program Files\Microchip\mplabc18\v3.37\src\traditional\proc\p18F4520.asm
              INTCON2bits   0x000ff1       data     extern C:\Program Files\Microchip\mplabc18\v3.37\src\traditional\proc\p18F4520.asm
                  INTCON3   0x000ff0       data     extern C:\Program Files\Microchip\mplabc18\v3.37\src\traditional\proc\p18F4520.asm
              INTCON3bits   0x000ff0       data     extern C:\Program Files\Microchip\mplabc18\v3.37\src\traditional\proc\p18F4520.asm
               INTCONbits   0x000ff2       data     extern C:\Program Files\Microchip\mplabc18\v3.37\src\traditional\proc\p18F4520.asm
                     IPR1   0x000f9f       data     extern C:\Program Files\Microchip\mplabc18\v3.37\src\traditional\proc\p18F4520.asm
                 IPR1bits   0x000f9f       data     extern C:\Program Files\Microchip\mplabc18\v3.37\src\traditional\proc\p18F4520.asm
                     IPR2   0x000fa2       data     extern C:\Program Files\Microchip\mplabc18\v3.37\src\traditional\proc\p18F4520.asm
                 IPR2bits   0x000fa2       data     extern C:\Program Files\Microchip\mplabc18\v3.37\src\traditional\proc\p18F4520.asm
                       Kd   0x000535       data     extern C:\Documents and Settings\Administrateur\Bureau\PSI2\gestiondutimer.c
                       Ki   0x000531       data     extern C:\Documents and Settings\Administrateur\Bureau\PSI2\gestiondutimer.c
                       Kp   0x00052d       data     extern C:\Documents and Settings\Administrateur\Bureau\PSI2\gestiondutimer.c
                     LATA   0x000f89       data     extern C:\Program Files\Microchip\mplabc18\v3.37\src\traditional\proc\p18F4520.asm
                 LATAbits   0x000f89       data     extern C:\Program Files\Microchip\mplabc18\v3.37\src\traditional\proc\p18F4520.asm
                     LATB   0x000f8a       data     extern C:\Program Files\Microchip\mplabc18\v3.37\src\traditional\proc\p18F4520.asm
                 LATBbits   0x000f8a       data     extern C:\Program Files\Microchip\mplabc18\v3.37\src\traditional\proc\p18F4520.asm
                     LATC   0x000f8b       data     extern C:\Program Files\Microchip\mplabc18\v3.37\src\traditional\proc\p18F4520.asm
                 LATCbits   0x000f8b       data     extern C:\Program Files\Microchip\mplabc18\v3.37\src\traditional\proc\p18F4520.asm
                     LATD   0x000f8c       data     extern C:\Program Files\Microchip\mplabc18\v3.37\src\traditional\proc\p18F4520.asm
                 LATDbits   0x000f8c       data     extern C:\Program Files\Microchip\mplabc18\v3.37\src\traditional\proc\p18F4520.asm
                     LATE   0x000f8d       data     extern C:\Program Files\Microchip\mplabc18\v3.37\src\traditional\proc\p18F4520.asm
                 LATEbits   0x000f8d       data     extern C:\Program Files\Microchip\mplabc18\v3.37\src\traditional\proc\p18F4520.asm
                   LVDCON   0x000fd2       data     extern C:\Program Files\Microchip\mplabc18\v3.37\src\traditional\proc\p18F4520.asm
               LVDCONbits   0x000fd2       data     extern C:\Program Files\Microchip\mplabc18\v3.37\src\traditional\proc\p18F4520.asm
                   OSCCON   0x000fd3       data     extern C:\Program Files\Microchip\mplabc18\v3.37\src\traditional\proc\p18F4520.asm
               OSCCONbits   0x000fd3       data     extern C:\Program Files\Microchip\mplabc18\v3.37\src\traditional\proc\p18F4520.asm
                  OSCTUNE   0x000f9b       data     extern C:\Program Files\Microchip\mplabc18\v3.37\src\traditional\proc\p18F4520.asm
              OSCTUNEbits   0x000f9b       data     extern C:\Program Files\Microchip\mplabc18\v3.37\src\traditional\proc\p18F4520.asm
                       PC   0x000ff9       data     extern C:\Program Files\Microchip\mplabc18\v3.37\src\traditional\proc\p18F4520.asm
                      PCL   0x000ff9       data     extern C:\Program Files\Microchip\mplabc18\v3.37\src\traditional\proc\p18F4520.asm
                   PCLATH   0x000ffa       data     extern C:\Program Files\Microchip\mplabc18\v3.37\src\traditional\proc\p18F4520.asm
                   PCLATU   0x000ffb       data     extern C:\Program Files\Microchip\mplabc18\v3.37\src\traditional\proc\p18F4520.asm
                     PIE1   0x000f9d       data     extern C:\Program Files\Microchip\mplabc18\v3.37\src\traditional\proc\p18F4520.asm
                 PIE1bits   0x000f9d       data     extern C:\Program Files\Microchip\mplabc18\v3.37\src\traditional\proc\p18F4520.asm
                     PIE2   0x000fa0       data     extern C:\Program Files\Microchip\mplabc18\v3.37\src\traditional\proc\p18F4520.asm
                 PIE2bits   0x000fa0       data     extern C:\Program Files\Microchip\mplabc18\v3.37\src\traditional\proc\p18F4520.asm
                     PIR1   0x000f9e       data     extern C:\Program Files\Microchip\mplabc18\v3.37\src\traditional\proc\p18F4520.asm
                 PIR1bits   0x000f9e       data     extern C:\Program Files\Microchip\mplabc18\v3.37\src\traditional\proc\p18F4520.asm
                     PIR2   0x000fa1       data     extern C:\Program Files\Microchip\mplabc18\v3.37\src\traditional\proc\p18F4520.asm
                 PIR2bits   0x000fa1       data     extern C:\Program Files\Microchip\mplabc18\v3.37\src\traditional\proc\p18F4520.asm
                   PLUSW0   0x000feb       data     extern C:\Program Files\Microchip\mplabc18\v3.37\src\traditional\proc\p18F4520.asm
                   PLUSW1   0x000fe3       data     extern C:\Program Files\Microchip\mplabc18\v3.37\src\traditional\proc\p18F4520.asm
                   PLUSW2   0x000fdb       data     extern C:\Program Files\Microchip\mplabc18\v3.37\src\traditional\proc\p18F4520.asm
                    PORTA   0x000f80       data     extern C:\Program Files\Microchip\mplabc18\v3.37\src\traditional\proc\p18F4520.asm
                PORTAbits   0x000f80       data     extern C:\Program Files\Microchip\mplabc18\v3.37\src\traditional\proc\p18F4520.asm
                    PORTB   0x000f81       data     extern C:\Program Files\Microchip\mplabc18\v3.37\src\traditional\proc\p18F4520.asm
                PORTBbits   0x000f81       data     extern C:\Program Files\Microchip\mplabc18\v3.37\src\traditional\proc\p18F4520.asm
                    PORTC   0x000f82       data     extern C:\Program Files\Microchip\mplabc18\v3.37\src\traditional\proc\p18F4520.asm
                PORTCbits   0x000f82       data     extern C:\Program Files\Microchip\mplabc18\v3.37\src\traditional\proc\p18F4520.asm
                    PORTD   0x000f83       data     extern C:\Program Files\Microchip\mplabc18\v3.37\src\traditional\proc\p18F4520.asm
                PORTDbits   0x000f83       data     extern C:\Program Files\Microchip\mplabc18\v3.37\src\traditional\proc\p18F4520.asm
                    PORTE   0x000f84       data     extern C:\Program Files\Microchip\mplabc18\v3.37\src\traditional\proc\p18F4520.asm
                PORTEbits   0x000f84       data     extern C:\Program Files\Microchip\mplabc18\v3.37\src\traditional\proc\p18F4520.asm
                 POSTDEC0   0x000fed       data     extern C:\Program Files\Microchip\mplabc18\v3.37\src\traditional\proc\p18F4520.asm
                 POSTDEC1   0x000fe5       data     extern C:\Program Files\Microchip\mplabc18\v3.37\src\traditional\proc\p18F4520.asm
                 POSTDEC2   0x000fdd       data     extern C:\Program Files\Microchip\mplabc18\v3.37\src\traditional\proc\p18F4520.asm
                 POSTINC0   0x000fee       data     extern C:\Program Files\Microchip\mplabc18\v3.37\src\traditional\proc\p18F4520.asm
                 POSTINC1   0x000fe6       data     extern C:\Program Files\Microchip\mplabc18\v3.37\src\traditional\proc\p18F4520.asm
                 POSTINC2   0x000fde       data     extern C:\Program Files\Microchip\mplabc18\v3.37\src\traditional\proc\p18F4520.asm
                      PR2   0x000fcb       data     extern C:\Program Files\Microchip\mplabc18\v3.37\src\traditional\proc\p18F4520.asm
                  PREINC0   0x000fec       data     extern C:\Program Files\Microchip\mplabc18\v3.37\src\traditional\proc\p18F4520.asm
                  PREINC1   0x000fe4       data     extern C:\Program Files\Microchip\mplabc18\v3.37\src\traditional\proc\p18F4520.asm
                  PREINC2   0x000fdc       data     extern C:\Program Files\Microchip\mplabc18\v3.37\src\traditional\proc\p18F4520.asm
                     PROD   0x000ff3       data     extern C:\Program Files\Microchip\mplabc18\v3.37\src\traditional\proc\p18F4520.asm
                    PRODH   0x000ff4       data     extern C:\Program Files\Microchip\mplabc18\v3.37\src\traditional\proc\p18F4520.asm
                    PRODL   0x000ff3       data     extern C:\Program Files\Microchip\mplabc18\v3.37\src\traditional\proc\p18F4520.asm
                  PWM1CON   0x000fb7       data     extern C:\Program Files\Microchip\mplabc18\v3.37\src\traditional\proc\p18F4520.asm
              PWM1CONbits   0x000fb7       data     extern C:\Program Files\Microchip\mplabc18\v3.37\src\traditional\proc\p18F4520.asm
                     RCON   0x000fd0       data     extern C:\Program Files\Microchip\mplabc18\v3.37\src\traditional\proc\p18F4520.asm
                 RCONbits   0x000fd0       data     extern C:\Program Files\Microchip\mplabc18\v3.37\src\traditional\proc\p18F4520.asm
                    RCREG   0x000fae       data     extern C:\Program Files\Microchip\mplabc18\v3.37\src\traditional\proc\p18F4520.asm
                    RCSTA   0x000fab       data     extern C:\Program Files\Microchip\mplabc18\v3.37\src\traditional\proc\p18F4520.asm
                RCSTAbits   0x000fab       data     extern C:\Program Files\Microchip\mplabc18\v3.37\src\traditional\proc\p18F4520.asm
                     SIGN   0x000000       data     extern C:\Program Files\Microchip\mplabc18\v3.37\src\traditional\math\cmath18.asm
                    SPBRG   0x000faf       data     extern C:\Program Files\Microchip\mplabc18\v3.37\src\traditional\proc\p18F4520.asm
                   SPBRGH   0x000fb0       data     extern C:\Program Files\Microchip\mplabc18\v3.37\src\traditional\proc\p18F4520.asm
                   SSPADD   0x000fc8       data     extern C:\Program Files\Microchip\mplabc18\v3.37\src\traditional\proc\p18F4520.asm
                   SSPBUF   0x000fc9       data     extern C:\Program Files\Microchip\mplabc18\v3.37\src\traditional\proc\p18F4520.asm
                  SSPCON1   0x000fc6       data     extern C:\Program Files\Microchip\mplabc18\v3.37\src\traditional\proc\p18F4520.asm
              SSPCON1bits   0x000fc6       data     extern C:\Program Files\Microchip\mplabc18\v3.37\src\traditional\proc\p18F4520.asm
                  SSPCON2   0x000fc5       data     extern C:\Program Files\Microchip\mplabc18\v3.37\src\traditional\proc\p18F4520.asm
              SSPCON2bits   0x000fc5       data     extern C:\Program Files\Microchip\mplabc18\v3.37\src\traditional\proc\p18F4520.asm
                  SSPSTAT   0x000fc7       data     extern C:\Program Files\Microchip\mplabc18\v3.37\src\traditional\proc\p18F4520.asm
              SSPSTATbits   0x000fc7       data     extern C:\Program Files\Microchip\mplabc18\v3.37\src\traditional\proc\p18F4520.asm
                   STATUS   0x000fd8       data     extern C:\Program Files\Microchip\mplabc18\v3.37\src\traditional\proc\p18F4520.asm
               STATUSbits   0x000fd8       data     extern C:\Program Files\Microchip\mplabc18\v3.37\src\traditional\proc\p18F4520.asm
                   STKPTR   0x000ffc       data     extern C:\Program Files\Microchip\mplabc18\v3.37\src\traditional\proc\p18F4520.asm
               STKPTRbits   0x000ffc       data     extern C:\Program Files\Microchip\mplabc18\v3.37\src\traditional\proc\p18F4520.asm
                    T0CON   0x000fd5       data     extern C:\Program Files\Microchip\mplabc18\v3.37\src\traditional\proc\p18F4520.asm
                T0CONbits   0x000fd5       data     extern C:\Program Files\Microchip\mplabc18\v3.37\src\traditional\proc\p18F4520.asm
                    T1CON   0x000fcd       data     extern C:\Program Files\Microchip\mplabc18\v3.37\src\traditional\proc\p18F4520.asm
                T1CONbits   0x000fcd       data     extern C:\Program Files\Microchip\mplabc18\v3.37\src\traditional\proc\p18F4520.asm
                    T2CON   0x000fca       data     extern C:\Program Files\Microchip\mplabc18\v3.37\src\traditional\proc\p18F4520.asm
                T2CONbits   0x000fca       data     extern C:\Program Files\Microchip\mplabc18\v3.37\src\traditional\proc\p18F4520.asm
                    T3CON   0x000fb1       data     extern C:\Program Files\Microchip\mplabc18\v3.37\src\traditional\proc\p18F4520.asm
                T3CONbits   0x000fb1       data     extern C:\Program Files\Microchip\mplabc18\v3.37\src\traditional\proc\p18F4520.asm
                   TABLAT   0x000ff5       data     extern C:\Program Files\Microchip\mplabc18\v3.37\src\traditional\proc\p18F4520.asm
                   TBLPTR   0x000ff6       data     extern C:\Program Files\Microchip\mplabc18\v3.37\src\traditional\proc\p18F4520.asm
                  TBLPTRH   0x000ff7       data     extern C:\Program Files\Microchip\mplabc18\v3.37\src\traditional\proc\p18F4520.asm
                  TBLPTRL   0x000ff6       data     extern C:\Program Files\Microchip\mplabc18\v3.37\src\traditional\proc\p18F4520.asm
                  TBLPTRU   0x000ff8       data     extern C:\Program Files\Microchip\mplabc18\v3.37\src\traditional\proc\p18F4520.asm
                    TMR0H   0x000fd7       data     extern C:\Program Files\Microchip\mplabc18\v3.37\src\traditional\proc\p18F4520.asm
                    TMR0L   0x000fd6       data     extern C:\Program Files\Microchip\mplabc18\v3.37\src\traditional\proc\p18F4520.asm
                    TMR1H   0x000fcf       data     extern C:\Program Files\Microchip\mplabc18\v3.37\src\traditional\proc\p18F4520.asm
                    TMR1L   0x000fce       data     extern C:\Program Files\Microchip\mplabc18\v3.37\src\traditional\proc\p18F4520.asm
                     TMR2   0x000fcc       data     extern C:\Program Files\Microchip\mplabc18\v3.37\src\traditional\proc\p18F4520.asm
                    TMR3H   0x000fb3       data     extern C:\Program Files\Microchip\mplabc18\v3.37\src\traditional\proc\p18F4520.asm
                    TMR3L   0x000fb2       data     extern C:\Program Files\Microchip\mplabc18\v3.37\src\traditional\proc\p18F4520.asm
                      TOS   0x000ffd       data     extern C:\Program Files\Microchip\mplabc18\v3.37\src\traditional\proc\p18F4520.asm
                     TOSH   0x000ffe       data     extern C:\Program Files\Microchip\mplabc18\v3.37\src\traditional\proc\p18F4520.asm
                     TOSL   0x000ffd       data     extern C:\Program Files\Microchip\mplabc18\v3.37\src\traditional\proc\p18F4520.asm
                     TOSU   0x000fff       data     extern C:\Program Files\Microchip\mplabc18\v3.37\src\traditional\proc\p18F4520.asm
                    TRISA   0x000f92       data     extern C:\Program Files\Microchip\mplabc18\v3.37\src\traditional\proc\p18F4520.asm
                TRISAbits   0x000f92       data     extern C:\Program Files\Microchip\mplabc18\v3.37\src\traditional\proc\p18F4520.asm
                    TRISB   0x000f93       data     extern C:\Program Files\Microchip\mplabc18\v3.37\src\traditional\proc\p18F4520.asm
                TRISBbits   0x000f93       data     extern C:\Program Files\Microchip\mplabc18\v3.37\src\traditional\proc\p18F4520.asm
                    TRISC   0x000f94       data     extern C:\Program Files\Microchip\mplabc18\v3.37\src\traditional\proc\p18F4520.asm
                TRISCbits   0x000f94       data     extern C:\Program Files\Microchip\mplabc18\v3.37\src\traditional\proc\p18F4520.asm
                    TRISD   0x000f95       data     extern C:\Program Files\Microchip\mplabc18\v3.37\src\traditional\proc\p18F4520.asm
                TRISDbits   0x000f95       data     extern C:\Program Files\Microchip\mplabc18\v3.37\src\traditional\proc\p18F4520.asm
                    TRISE   0x000f96       data     extern C:\Program Files\Microchip\mplabc18\v3.37\src\traditional\proc\p18F4520.asm
                TRISEbits   0x000f96       data     extern C:\Program Files\Microchip\mplabc18\v3.37\src\traditional\proc\p18F4520.asm
                    TXREG   0x000fad       data     extern C:\Program Files\Microchip\mplabc18\v3.37\src\traditional\proc\p18F4520.asm
                    TXSTA   0x000fac       data     extern C:\Program Files\Microchip\mplabc18\v3.37\src\traditional\proc\p18F4520.asm
                TXSTAbits   0x000fac       data     extern C:\Program Files\Microchip\mplabc18\v3.37\src\traditional\proc\p18F4520.asm
             USART_Status   0x0000fa       data     extern C:\Program Files\Microchip\mplabc18\v3.37\src\pmc_common\USART\udefs.c
                        W   0x000fe8       data     extern C:\Program Files\Microchip\mplabc18\v3.37\src\traditional\proc\p18F4520.asm
                   WDTCON   0x000fd1       data     extern C:\Program Files\Microchip\mplabc18\v3.37\src\traditional\proc\p18F4520.asm
               WDTCONbits   0x000fd1       data     extern C:\Program Files\Microchip\mplabc18\v3.37\src\traditional\proc\p18F4520.asm
                     WREG   0x000fe8       data     extern C:\Program Files\Microchip\mplabc18\v3.37\src\traditional\proc\p18F4520.asm
                 __AARGB0   0x000009       data     extern C:\Program Files\Microchip\mplabc18\v3.37\src\traditional\math\aarg.asm
                 __AARGB1   0x000008       data     extern C:\Program Files\Microchip\mplabc18\v3.37\src\traditional\math\aarg.asm
                 __AARGB2   0x000007       data     extern C:\Program Files\Microchip\mplabc18\v3.37\src\traditional\math\aarg.asm
                 __AARGB3   0x000006       data     extern C:\Program Files\Microchip\mplabc18\v3.37\src\traditional\math\aarg.asm
                 __AARGB4   0x000005       data     extern C:\Program Files\Microchip\mplabc18\v3.37\src\traditional\math\aarg.asm
                 __AARGB5   0x000004       data     extern C:\Program Files\Microchip\mplabc18\v3.37\src\traditional\math\aarg.asm
                 __AARGB6   0x000003       data     extern C:\Program Files\Microchip\mplabc18\v3.37\src\traditional\math\aarg.asm
                 __AARGB7   0x000002       data     extern C:\Program Files\Microchip\mplabc18\v3.37\src\traditional\math\aarg.asm
                   __AEXP   0x00000a       data     extern C:\Program Files\Microchip\mplabc18\v3.37\src\traditional\math\aarg.asm
                 __BARGB0   0x00000e       data     extern C:\Program Files\Microchip\mplabc18\v3.37\src\traditional\math\barg.asm
                 __BARGB1   0x00000d       data     extern C:\Program Files\Microchip\mplabc18\v3.37\src\traditional\math\barg.asm
                 __BARGB2   0x00000c       data     extern C:\Program Files\Microchip\mplabc18\v3.37\src\traditional\math\barg.asm
                 __BARGB3   0x00000b       data     extern C:\Program Files\Microchip\mplabc18\v3.37\src\traditional\math\barg.asm
                   __BEXP   0x00000f       data     extern C:\Program Files\Microchip\mplabc18\v3.37\src\traditional\math\barg.asm
                __FPFLAGS   0x000001       data     extern C:\Program Files\Microchip\mplabc18\v3.37\src\traditional\math\cmath18.asm
            __FPFLAGSbits   0x000001       data     extern C:\Program Files\Microchip\mplabc18\v3.37\src\traditional\math\cmath18.asm
                  __REMB0   0x000005       data     extern C:\Program Files\Microchip\mplabc18\v3.37\src\traditional\math\aarg.asm
                  __REMB1   0x000004       data     extern C:\Program Files\Microchip\mplabc18\v3.37\src\traditional\math\aarg.asm
                  __REMB2   0x000003       data     extern C:\Program Files\Microchip\mplabc18\v3.37\src\traditional\math\aarg.asm
                  __REMB3   0x000002       data     extern C:\Program Files\Microchip\mplabc18\v3.37\src\traditional\math\aarg.asm
                   __TEMP   0x000013       data     extern C:\Program Files\Microchip\mplabc18\v3.37\src\traditional\math\temparg.asm
                 __TEMPB0   0x000013       data     extern C:\Program Files\Microchip\mplabc18\v3.37\src\traditional\math\temparg.asm
                 __TEMPB1   0x000012       data     extern C:\Program Files\Microchip\mplabc18\v3.37\src\traditional\math\temparg.asm
                 __TEMPB2   0x000011       data     extern C:\Program Files\Microchip\mplabc18\v3.37\src\traditional\math\temparg.asm
                 __TEMPB3   0x000010       data     extern C:\Program Files\Microchip\mplabc18\v3.37\src\traditional\math\temparg.asm
                  __tmp_0   0x000014       data     static C:\Program Files\Microchip\mplabc18\v3.37\src\pmc_common\ADC\adcread.c
                  __tmp_0   0x000014       data     static C:\Program Files\Microchip\mplabc18\v3.37\src\traditional\stdclib\atof.c
                  __tmp_0   0x000014       data     static C:\Program Files\Microchip\mplabc18\v3.37\src\traditional\stdclib\printf.c
                  __tmp_0   0x000014       data     static C:\Program Files\Microchip\mplabc18\v3.37\src\traditional\stdclib\vfprintf.c
                  __tmp_0   0x000014       data     static C:\Program Files\Microchip\mplabc18\v3.37\src\traditional\stdclib\putc.c
                  __tmp_0   0x000014       data     static C:\Documents and Settings\maison\Bureau\sources_xlcdlib200\XLCD\openxlcd.c
                  __tmp_0   0x000014       data     static C:\Program Files\Microchip\mplabc18\v3.37\src\pmc_common\USART\uopen.c
                  __tmp_0   0x000014       data     static C:\Program Files\Microchip\mplabc18\v3.37\src\pmc_common\ADC\adcopen.c
                  __tmp_0   0x000014       data     static C:\Documents and Settings\Administrateur\Bureau\PSI2\gestiondutimer.c
          actual_position   0x00050a       data     extern C:\Documents and Settings\Administrateur\Bureau\PSI2\gestiondutimer.c
                      adc   0x000504       data     extern C:\Documents and Settings\Administrateur\Bureau\PSI2\gestiondutimer.c
                  bit_buf   0x000501       data     extern C:\Documents and Settings\Administrateur\Bureau\PSI2\gestiondutimer.c
                   buffer   0x000094       data     extern C:\Documents and Settings\Administrateur\Bureau\PSI2\gestiondutimer.c
                   car_rx   0x000500       data     extern C:\Documents and Settings\Administrateur\Bureau\PSI2\gestiondutimer.c
                curr_byte   0x00054c       data     static C:\Program Files\Microchip\mplabc18\v3.37\src\traditional\startup\c018i.c
               curr_entry   0x00054e       data     static C:\Program Files\Microchip\mplabc18\v3.37\src\traditional\startup\c018i.c
                 data_ptr   0x000550       data     static C:\Program Files\Microchip\mplabc18\v3.37\src\traditional\startup\c018i.c
               derivative   0x00051c       data     extern C:\Documents and Settings\Administrateur\Bureau\PSI2\gestiondutimer.c
                       dt   0x000529       data     extern C:\Documents and Settings\Administrateur\Bureau\PSI2\gestiondutimer.c
                      dt_   0x00052b       data     extern C:\Documents and Settings\Administrateur\Bureau\PSI2\gestiondutimer.c
                     duty   0x000506       data     extern C:\Documents and Settings\Administrateur\Bureau\PSI2\gestiondutimer.c
                    error   0x000520       data     extern C:\Documents and Settings\Administrateur\Bureau\PSI2\gestiondutimer.c
                     flag   0x000528       data     extern C:\Documents and Settings\Administrateur\Bureau\PSI2\gestiondutimer.c
                        i   0x000541       data     extern C:\Documents and Settings\Administrateur\Bureau\PSI2\gestiondutimer.c
                    index   0x00053f       data     extern C:\Documents and Settings\Administrateur\Bureau\PSI2\gestiondutimer.c
                 integral   0x000510       data     extern C:\Documents and Settings\Administrateur\Bureau\PSI2\gestiondutimer.c
                        k   0x000543       data     extern C:\Documents and Settings\Administrateur\Bureau\PSI2\gestiondutimer.c
                   output   0x000524       data     extern C:\Documents and Settings\Administrateur\Bureau\PSI2\gestiondutimer.c
           previous_error   0x00050c       data     extern C:\Documents and Settings\Administrateur\Bureau\PSI2\gestiondutimer.c
                     prom   0x000549       data     static C:\Program Files\Microchip\mplabc18\v3.37\src\traditional\startup\c018i.c
                 setpoint   0x000514       data     extern C:\Documents and Settings\Administrateur\Bureau\PSI2\gestiondutimer.c
                    somme   0x000545       data     extern C:\Documents and Settings\Administrateur\Bureau\PSI2\gestiondutimer.c
[...]
              OSCTUNEbits   0x000f9b       data     extern C:\Program Files\Microchip\mplabc18\v3.37\src\traditional\proc\p18F4520.asm
                 PIE1bits   0x000f9d       data     extern C:\Program Files\Microchip\mplabc18\v3.37\src\traditional\proc\p18F4520.asm
                     PIE1   0x000f9d       data     extern C:\Program Files\Microchip\mplabc18\v3.37\src\traditional\proc\p18F4520.asm
                     PIR1   0x000f9e       data     extern C:\Program Files\Microchip\mplabc18\v3.37\src\traditional\proc\p18F4520.asm
                 PIR1bits   0x000f9e       data     extern C:\Program Files\Microchip\mplabc18\v3.37\src\traditional\proc\p18F4520.asm
                     IPR1   0x000f9f       data     extern C:\Program Files\Microchip\mplabc18\v3.37\src\traditional\proc\p18F4520.asm
                 IPR1bits   0x000f9f       data     extern C:\Program Files\Microchip\mplabc18\v3.37\src\traditional\proc\p18F4520.asm
                     PIE2   0x000fa0       data     extern C:\Program Files\Microchip\mplabc18\v3.37\src\traditional\proc\p18F4520.asm
                 PIE2bits   0x000fa0       data     extern C:\Program Files\Microchip\mplabc18\v3.37\src\traditional\proc\p18F4520.asm
                 PIR2bits   0x000fa1       data     extern C:\Program Files\Microchip\mplabc18\v3.37\src\traditional\proc\p18F4520.asm
                     PIR2   0x000fa1       data     extern C:\Program Files\Microchip\mplabc18\v3.37\src\traditional\proc\p18F4520.asm
                     IPR2   0x000fa2       data     extern C:\Program Files\Microchip\mplabc18\v3.37\src\traditional\proc\p18F4520.asm
                 IPR2bits   0x000fa2       data     extern C:\Program Files\Microchip\mplabc18\v3.37\src\traditional\proc\p18F4520.asm
                   EECON1   0x000fa6       data     extern C:\Program Files\Microchip\mplabc18\v3.37\src\traditional\proc\p18F4520.asm
               EECON1bits   0x000fa6       data     extern C:\Program Files\Microchip\mplabc18\v3.37\src\traditional\proc\p18F4520.asm
                   EECON2   0x000fa7       data     extern C:\Program Files\Microchip\mplabc18\v3.37\src\traditional\proc\p18F4520.asm
                   EEDATA   0x000fa8       data     extern C:\Program Files\Microchip\mplabc18\v3.37\src\traditional\proc\p18F4520.asm
                    EEADR   0x000fa9       data     extern C:\Program Files\Microchip\mplabc18\v3.37\src\traditional\proc\p18F4520.asm
                    RCSTA   0x000fab       data     extern C:\Program Files\Microchip\mplabc18\v3.37\src\traditional\proc\p18F4520.asm
                RCSTAbits   0x000fab       data     extern C:\Program Files\Microchip\mplabc18\v3.37\src\traditional\proc\p18F4520.asm
                    TXSTA   0x000fac       data     extern C:\Program Files\Microchip\mplabc18\v3.37\src\traditional\proc\p18F4520.asm
                TXSTAbits   0x000fac       data     extern C:\Program Files\Microchip\mplabc18\v3.37\src\traditional\proc\p18F4520.asm
                    TXREG   0x000fad       data     extern C:\Program Files\Microchip\mplabc18\v3.37\src\traditional\proc\p18F4520.asm
                    RCREG   0x000fae       data     extern C:\Program Files\Microchip\mplabc18\v3.37\src\traditional\proc\p18F4520.asm
                    SPBRG   0x000faf       data     extern C:\Program Files\Microchip\mplabc18\v3.37\src\traditional\proc\p18F4520.asm
                   SPBRGH   0x000fb0       data     extern C:\Program Files\Microchip\mplabc18\v3.37\src\traditional\proc\p18F4520.asm
                T3CONbits   0x000fb1       data     extern C:\Program Files\Microchip\mplabc18\v3.37\src\traditional\proc\p18F4520.asm
                    T3CON   0x000fb1       data     extern C:\Program Files\Microchip\mplabc18\v3.37\src\traditional\proc\p18F4520.asm
                    TMR3L   0x000fb2       data     extern C:\Program Files\Microchip\mplabc18\v3.37\src\traditional\proc\p18F4520.asm
                    TMR3H   0x000fb3       data     extern C:\Program Files\Microchip\mplabc18\v3.37\src\traditional\proc\p18F4520.asm
                    CMCON   0x000fb4       data     extern C:\Program Files\Microchip\mplabc18\v3.37\src\traditional\proc\p18F4520.asm
                CMCONbits   0x000fb4       data     extern C:\Program Files\Microchip\mplabc18\v3.37\src\traditional\proc\p18F4520.asm
                   CVRCON   0x000fb5       data     extern C:\Program Files\Microchip\mplabc18\v3.37\src\traditional\proc\p18F4520.asm
               CVRCONbits   0x000fb5       data     extern C:\Program Files\Microchip\mplabc18\v3.37\src\traditional\proc\p18F4520.asm
               ECCPASbits   0x000fb6       data     extern C:\Program Files\Microchip\mplabc18\v3.37\src\traditional\proc\p18F4520.asm
                   ECCPAS   0x000fb6       data     extern C:\Program Files\Microchip\mplabc18\v3.37\src\traditional\proc\p18F4520.asm
                  ECCP1AS   0x000fb6       data     extern C:\Program Files\Microchip\mplabc18\v3.37\src\traditional\proc\p18F4520.asm
              ECCP1ASbits   0x000fb6       data     extern C:\Program Files\Microchip\mplabc18\v3.37\src\traditional\proc\p18F4520.asm
                  PWM1CON   0x000fb7       data     extern C:\Program Files\Microchip\mplabc18\v3.37\src\traditional\proc\p18F4520.asm
              PWM1CONbits   0x000fb7       data     extern C:\Program Files\Microchip\mplabc18\v3.37\src\traditional\proc\p18F4520.asm
                 ECCP1DEL   0x000fb7       data     extern C:\Program Files\Microchip\mplabc18\v3.37\src\traditional\proc\p18F4520.asm
             ECCP1DELbits   0x000fb7       data     extern C:\Program Files\Microchip\mplabc18\v3.37\src\traditional\proc\p18F4520.asm
                  BAUDCON   0x000fb8       data     extern C:\Program Files\Microchip\mplabc18\v3.37\src\traditional\proc\p18F4520.asm
              BAUDCONbits   0x000fb8       data     extern C:\Program Files\Microchip\mplabc18\v3.37\src\traditional\proc\p18F4520.asm
                  BAUDCTL   0x000fb8       data     extern C:\Program Files\Microchip\mplabc18\v3.37\src\traditional\proc\p18F4520.asm
              BAUDCTLbits   0x000fb8       data     extern C:\Program Files\Microchip\mplabc18\v3.37\src\traditional\proc\p18F4520.asm
                  CCP2CON   0x000fba       data     extern C:\Program Files\Microchip\mplabc18\v3.37\src\traditional\proc\p18F4520.asm
              CCP2CONbits   0x000fba       data     extern C:\Program Files\Microchip\mplabc18\v3.37\src\traditional\proc\p18F4520.asm
                   CCPR2L   0x000fbb       data     extern C:\Program Files\Microchip\mplabc18\v3.37\src\traditional\proc\p18F4520.asm
                    CCPR2   0x000fbb       data     extern C:\Program Files\Microchip\mplabc18\v3.37\src\traditional\proc\p18F4520.asm
                   CCPR2H   0x000fbc       data     extern C:\Program Files\Microchip\mplabc18\v3.37\src\traditional\proc\p18F4520.asm
                  CCP1CON   0x000fbd       data     extern C:\Program Files\Microchip\mplabc18\v3.37\src\traditional\proc\p18F4520.asm
              CCP1CONbits   0x000fbd       data     extern C:\Program Files\Microchip\mplabc18\v3.37\src\traditional\proc\p18F4520.asm
                   CCPR1L   0x000fbe       data     extern C:\Program Files\Microchip\mplabc18\v3.37\src\traditional\proc\p18F4520.asm
                    CCPR1   0x000fbe       data     extern C:\Program Files\Microchip\mplabc18\v3.37\src\traditional\proc\p18F4520.asm
                   CCPR1H   0x000fbf       data     extern C:\Program Files\Microchip\mplabc18\v3.37\src\traditional\proc\p18F4520.asm
                   ADCON2   0x000fc0       data     extern C:\Program Files\Microchip\mplabc18\v3.37\src\traditional\proc\p18F4520.asm
               ADCON2bits   0x000fc0       data     extern C:\Program Files\Microchip\mplabc18\v3.37\src\traditional\proc\p18F4520.asm
                   ADCON1   0x000fc1       data     extern C:\Program Files\Microchip\mplabc18\v3.37\src\traditional\proc\p18F4520.asm
               ADCON1bits   0x000fc1       data     extern C:\Program Files\Microchip\mplabc18\v3.37\src\traditional\proc\p18F4520.asm
                   ADCON0   0x000fc2       data     extern C:\Program Files\Microchip\mplabc18\v3.37\src\traditional\proc\p18F4520.asm
               ADCON0bits   0x000fc2       data     extern C:\Program Files\Microchip\mplabc18\v3.37\src\traditional\proc\p18F4520.asm
                    ADRES   0x000fc3       data     extern C:\Program Files\Microchip\mplabc18\v3.37\src\traditional\proc\p18F4520.asm
                   ADRESL   0x000fc3       data     extern C:\Program Files\Microchip\mplabc18\v3.37\src\traditional\proc\p18F4520.asm
                   ADRESH   0x000fc4       data     extern C:\Program Files\Microchip\mplabc18\v3.37\src\traditional\proc\p18F4520.asm
                  SSPCON2   0x000fc5       data     extern C:\Program Files\Microchip\mplabc18\v3.37\src\traditional\proc\p18F4520.asm
              SSPCON2bits   0x000fc5       data     extern C:\Program Files\Microchip\mplabc18\v3.37\src\traditional\proc\p18F4520.asm
                  SSPCON1   0x000fc6       data     extern C:\Program Files\Microchip\mplabc18\v3.37\src\traditional\proc\p18F4520.asm
              SSPCON1bits   0x000fc6       data     extern C:\Program Files\Microchip\mplabc18\v3.37\src\traditional\proc\p18F4520.asm
                  SSPSTAT   0x000fc7       data     extern C:\Program Files\Microchip\mplabc18\v3.37\src\traditional\proc\p18F4520.asm
              SSPSTATbits   0x000fc7       data     extern C:\Program Files\Microchip\mplabc18\v3.37\src\traditional\proc\p18F4520.asm
                   SSPADD   0x000fc8       data     extern C:\Program Files\Microchip\mplabc18\v3.37\src\traditional\proc\p18F4520.asm
                   SSPBUF   0x000fc9       data     extern C:\Program Files\Microchip\mplabc18\v3.37\src\traditional\proc\p18F4520.asm
                T2CONbits   0x000fca       data     extern C:\Program Files\Microchip\mplabc18\v3.37\src\traditional\proc\p18F4520.asm
                    T2CON   0x000fca       data     extern C:\Program Files\Microchip\mplabc18\v3.37\src\traditional\proc\p18F4520.asm
                      PR2   0x000fcb       data     extern C:\Program Files\Microchip\mplabc18\v3.37\src\traditional\proc\p18F4520.asm
                     TMR2   0x000fcc       data     extern C:\Program Files\Microchip\mplabc18\v3.37\src\traditional\proc\p18F4520.asm
                T1CONbits   0x000fcd       data     extern C:\Program Files\Microchip\mplabc18\v3.37\src\traditional\proc\p18F4520.asm
                    T1CON   0x000fcd       data     extern C:\Program Files\Microchip\mplabc18\v3.37\src\traditional\proc\p18F4520.asm
                    TMR1L   0x000fce       data     extern C:\Program Files\Microchip\mplabc18\v3.37\src\traditional\proc\p18F4520.asm
                    TMR1H   0x000fcf       data     extern C:\Program Files\Microchip\mplabc18\v3.37\src\traditional\proc\p18F4520.asm
                     RCON   0x000fd0       data     extern C:\Program Files\Microchip\mplabc18\v3.37\src\traditional\proc\p18F4520.asm
                 RCONbits   0x000fd0       data     extern C:\Program Files\Microchip\mplabc18\v3.37\src\traditional\proc\p18F4520.asm
                   WDTCON   0x000fd1       data     extern C:\Program Files\Microchip\mplabc18\v3.37\src\traditional\proc\p18F4520.asm
               WDTCONbits   0x000fd1       data     extern C:\Program Files\Microchip\mplabc18\v3.37\src\traditional\proc\p18F4520.asm
                  HLVDCON   0x000fd2       data     extern C:\Program Files\Microchip\mplabc18\v3.37\src\traditional\proc\p18F4520.asm
              HLVDCONbits   0x000fd2       data     extern C:\Program Files\Microchip\mplabc18\v3.37\src\traditional\proc\p18F4520.asm
                   LVDCON   0x000fd2       data     extern C:\Program Files\Microchip\mplabc18\v3.37\src\traditional\proc\p18F4520.asm
               LVDCONbits   0x000fd2       data     extern C:\Program Files\Microchip\mplabc18\v3.37\src\traditional\proc\p18F4520.asm
                   OSCCON   0x000fd3       data     extern C:\Program Files\Microchip\mplabc18\v3.37\src\traditional\proc\p18F4520.asm
               OSCCONbits   0x000fd3       data     extern C:\Program Files\Microchip\mplabc18\v3.37\src\traditional\proc\p18F4520.asm
                T0CONbits   0x000fd5       data     extern C:\Program Files\Microchip\mplabc18\v3.37\src\traditional\proc\p18F4520.asm
                    T0CON   0x000fd5       data     extern C:\Program Files\Microchip\mplabc18\v3.37\src\traditional\proc\p18F4520.asm
                    TMR0L   0x000fd6       data     extern C:\Program Files\Microchip\mplabc18\v3.37\src\traditional\proc\p18F4520.asm
                    TMR0H   0x000fd7       data     extern C:\Program Files\Microchip\mplabc18\v3.37\src\traditional\proc\p18F4520.asm
               STATUSbits   0x000fd8       data     extern C:\Program Files\Microchip\mplabc18\v3.37\src\traditional\proc\p18F4520.asm
                   STATUS   0x000fd8       data     extern C:\Program Files\Microchip\mplabc18\v3.37\src\traditional\proc\p18F4520.asm
                     FSR2   0x000fd9       data     extern C:\Program Files\Microchip\mplabc18\v3.37\src\traditional\proc\p18F4520.asm
                    FSR2L   0x000fd9       data     extern C:\Program Files\Microchip\mplabc18\v3.37\src\traditional\proc\p18F4520.asm
                    FSR2H   0x000fda       data     extern C:\Program Files\Microchip\mplabc18\v3.37\src\traditional\proc\p18F4520.asm
                   PLUSW2   0x000fdb       data     extern C:\Program Files\Microchip\mplabc18\v3.37\src\traditional\proc\p18F4520.asm
                  PREINC2   0x000fdc       data     extern C:\Program Files\Microchip\mplabc18\v3.37\src\traditional\proc\p18F4520.asm
                 POSTDEC2   0x000fdd       data     extern C:\Program Files\Microchip\mplabc18\v3.37\src\traditional\proc\p18F4520.asm
                 POSTINC2   0x000fde       data     extern C:\Program Files\Microchip\mplabc18\v3.37\src\traditional\proc\p18F4520.asm
                    INDF2   0x000fdf       data     extern C:\Program Files\Microchip\mplabc18\v3.37\src\traditional\proc\p18F4520.asm
                      BSR   0x000fe0       data     extern C:\Program Files\Microchip\mplabc18\v3.37\src\traditional\proc\p18F4520.asm
                     FSR1   0x000fe1       data     extern C:\Program Files\Microchip\mplabc18\v3.37\src\traditional\proc\p18F4520.asm
                    FSR1L   0x000fe1       data     extern C:\Program Files\Microchip\mplabc18\v3.37\src\traditional\proc\p18F4520.asm
                    FSR1H   0x000fe2       data     extern C:\Program Files\Microchip\mplabc18\v3.37\src\traditional\proc\p18F4520.asm
                   PLUSW1   0x000fe3       data     extern C:\Program Files\Microchip\mplabc18\v3.37\src\traditional\proc\p18F4520.asm
                  PREINC1   0x000fe4       data     extern C:\Program Files\Microchip\mplabc18\v3.37\src\traditional\proc\p18F4520.asm
                 POSTDEC1   0x000fe5       data     extern C:\Program Files\Microchip\mplabc18\v3.37\src\traditional\proc\p18F4520.asm
                 POSTINC1   0x000fe6       data     extern C:\Program Files\Microchip\mplabc18\v3.37\src\traditional\proc\p18F4520.asm
                    INDF1   0x000fe7       data     extern C:\Program Files\Microchip\mplabc18\v3.37\src\traditional\proc\p18F4520.asm
                     WREG   0x000fe8       data     extern C:\Program Files\Microchip\mplabc18\v3.37\src\traditional\proc\p18F4520.asm
                        W   0x000fe8       data     extern C:\Program Files\Microchip\mplabc18\v3.37\src\traditional\proc\p18F4520.asm
                    FSR0L   0x000fe9       data     extern C:\Program Files\Microchip\mplabc18\v3.37\src\traditional\proc\p18F4520.asm
                     FSR0   0x000fe9       data     extern C:\Program Files\Microchip\mplabc18\v3.37\src\traditional\proc\p18F4520.asm
                    FSR0H   0x000fea       data     extern C:\Program Files\Microchip\mplabc18\v3.37\src\traditional\proc\p18F4520.asm
                   PLUSW0   0x000feb       data     extern C:\Program Files\Microchip\mplabc18\v3.37\src\traditional\proc\p18F4520.asm
                  PREINC0   0x000fec       data     extern C:\Program Files\Microchip\mplabc18\v3.37\src\traditional\proc\p18F4520.asm
                 POSTDEC0   0x000fed       data     extern C:\Program Files\Microchip\mplabc18\v3.37\src\traditional\proc\p18F4520.asm
                 POSTINC0   0x000fee       data     extern C:\Program Files\Microchip\mplabc18\v3.37\src\traditional\proc\p18F4520.asm
                    INDF0   0x000fef       data     extern C:\Program Files\Microchip\mplabc18\v3.37\src\traditional\proc\p18F4520.asm
                  INTCON3   0x000ff0       data     extern C:\Program Files\Microchip\mplabc18\v3.37\src\traditional\proc\p18F4520.asm
              INTCON3bits   0x000ff0       data     extern C:\Program Files\Microchip\mplabc18\v3.37\src\traditional\proc\p18F4520.asm
              INTCON2bits   0x000ff1       data     extern C:\Program Files\Microchip\mplabc18\v3.37\src\traditional\proc\p18F4520.asm
                  INTCON2   0x000ff1       data     extern C:\Program Files\Microchip\mplabc18\v3.37\src\traditional\proc\p18F4520.asm
                   INTCON   0x000ff2       data     extern C:\Program Files\Microchip\mplabc18\v3.37\src\traditional\proc\p18F4520.asm
               INTCONbits   0x000ff2       data     extern C:\Program Files\Microchip\mplabc18\v3.37\src\traditional\proc\p18F4520.asm
                     PROD   0x000ff3       data     extern C:\Program Files\Microchip\mplabc18\v3.37\src\traditional\proc\p18F4520.asm
                    PRODL   0x000ff3       data     extern C:\Program Files\Microchip\mplabc18\v3.37\src\traditional\proc\p18F4520.asm
                    PRODH   0x000ff4       data     extern C:\Program Files\Microchip\mplabc18\v3.37\src\traditional\proc\p18F4520.asm
                   TABLAT   0x000ff5       data     extern C:\Program Files\Microchip\mplabc18\v3.37\src\traditional\proc\p18F4520.asm
                   TBLPTR   0x000ff6       data     extern C:\Program Files\Microchip\mplabc18\v3.37\src\traditional\proc\p18F4520.asm
                  TBLPTRL   0x000ff6       data     extern C:\Program Files\Microchip\mplabc18\v3.37\src\traditional\proc\p18F4520.asm
                  TBLPTRH   0x000ff7       data     extern C:\Program Files\Microchip\mplabc18\v3.37\src\traditional\proc\p18F4520.asm
                  TBLPTRU   0x000ff8       data     extern C:\Program Files\Microchip\mplabc18\v3.37\src\traditional\proc\p18F4520.asm
                       PC   0x000ff9       data     extern C:\Program Files\Microchip\mplabc18\v3.37\src\traditional\proc\p18F4520.asm
                      PCL   0x000ff9       data     extern C:\Program Files\Microchip\mplabc18\v3.37\src\traditional\proc\p18F4520.asm
                   PCLATH   0x000ffa       data     extern C:\Program Files\Microchip\mplabc18\v3.37\src\traditional\proc\p18F4520.asm
                   PCLATU   0x000ffb       data     extern C:\Program Files\Microchip\mplabc18\v3.37\src\traditional\proc\p18F4520.asm
               STKPTRbits   0x000ffc       data     extern C:\Program Files\Microchip\mplabc18\v3.37\src\traditional\proc\p18F4520.asm
                   STKPTR   0x000ffc       data     extern C:\Program Files\Microchip\mplabc18\v3.37\src\traditional\proc\p18F4520.asm
                     TOSL   0x000ffd       data     extern C:\Program Files\Microchip\mplabc18\v3.37\src\traditional\proc\p18F4520.asm
                      TOS   0x000ffd       data     extern C:\Program Files\Microchip\mplabc18\v3.37\src\traditional\proc\p18F4520.asm
                     TOSH   0x000ffe       data     extern C:\Program Files\Microchip\mplabc18\v3.37\src\traditional\proc\p18F4520.asm
                     TOSU   0x000fff       data     extern C:\Program Files\Microchip\mplabc18\v3.37\src\traditional\proc\p18F4520.asm


